[2026-05-21T14:10:07.280+0000] {local_task_job_runner.py:123} INFO - ::group::Pre task execution logs
[2026-05-21T14:10:07.290+0000] {taskinstance.py:2613} INFO - Dependencies all met for dep_context=non-requeueable deps ti=<TaskInstance: user_processing.is_api_available manual__2026-05-21T14:10:06.118540+00:00 [queued]>
[2026-05-21T14:10:07.297+0000] {taskinstance.py:2613} INFO - Dependencies all met for dep_context=requeueable deps ti=<TaskInstance: user_processing.is_api_available manual__2026-05-21T14:10:06.118540+00:00 [queued]>
[2026-05-21T14:10:07.297+0000] {taskinstance.py:2866} INFO - Starting attempt 1 of 1
[2026-05-21T14:10:07.310+0000] {taskinstance.py:2889} INFO - Executing <Task(HttpSensor): is_api_available> on 2026-05-21 14:10:06.118540+00:00
[2026-05-21T14:10:07.318+0000] {standard_task_runner.py:72} INFO - Started process 9967 to run task
[2026-05-21T14:10:07.321+0000] {standard_task_runner.py:104} INFO - Running: ['***', 'tasks', 'run', 'user_processing', 'is_api_available', 'manual__2026-05-21T14:10:06.118540+00:00', '--job-id', '182', '--raw', '--subdir', 'DAGS_FOLDER/user_processing.py', '--cfg-path', '/tmp/tmp13_8yp8f']
[2026-05-21T14:10:07.325+0000] {standard_task_runner.py:105} INFO - Job 182: Subtask is_api_available
[2026-05-21T14:10:07.366+0000] {task_command.py:467} INFO - Running <TaskInstance: user_processing.is_api_available manual__2026-05-21T14:10:06.118540+00:00 [running]> on host 7a0bb4c18cb4
[2026-05-21T14:10:07.447+0000] {taskinstance.py:3132} INFO - Exporting env vars: AIRFLOW_CTX_DAG_OWNER='***' AIRFLOW_CTX_DAG_ID='user_processing' AIRFLOW_CTX_TASK_ID='is_api_available' AIRFLOW_CTX_EXECUTION_DATE='2026-05-21T14:10:06.118540+00:00' AIRFLOW_CTX_TRY_NUMBER='1' AIRFLOW_CTX_DAG_RUN_ID='manual__2026-05-21T14:10:06.118540+00:00'
[2026-05-21T14:10:07.450+0000] {taskinstance.py:731} INFO - ::endgroup::
[2026-05-21T14:10:07.452+0000] {baseoperator.py:421} WARNING - HttpSensor.execute cannot be called outside TaskInstance!
[2026-05-21T14:10:07.452+0000] {http.py:139} INFO - Poking: users?limit=10
[2026-05-21T14:10:07.462+0000] {base.py:84} INFO - Retrieving connection 'user_api'
[2026-05-21T14:10:07.996+0000] {base.py:336} INFO - Success criteria met. Exiting.
[2026-05-21T14:10:08.005+0000] {taskinstance.py:340} INFO - ::group::Post task execution logs
[2026-05-21T14:10:08.005+0000] {taskinstance.py:352} INFO - Marking task as SUCCESS. dag_id=user_processing, task_id=is_api_available, run_id=manual__2026-05-21T14:10:06.118540+00:00, execution_date=20260521T141006, start_date=20260521T141007, end_date=20260521T141008
[2026-05-21T14:10:08.061+0000] {local_task_job_runner.py:266} INFO - Task exited with return code 0
[2026-05-21T14:10:08.090+0000] {taskinstance.py:3895} INFO - 1 downstream tasks scheduled from follow-on schedule check
[2026-05-21T14:10:08.092+0000] {local_task_job_runner.py:245} INFO - ::endgroup::
