[2026-05-31T08:29:41.113+0000] {local_task_job_runner.py:123} INFO - ::group::Pre task execution logs
[2026-05-31T08:29:41.133+0000] {taskinstance.py:2613} INFO - Dependencies all met for dep_context=non-requeueable deps ti=<TaskInstance: ml_pipeline_monitoring._ml_pipeline_monitoring__check_data_drift_ manual__2026-05-31T08:29:02.078743+00:00 [queued]>
[2026-05-31T08:29:41.143+0000] {taskinstance.py:2613} INFO - Dependencies all met for dep_context=requeueable deps ti=<TaskInstance: ml_pipeline_monitoring._ml_pipeline_monitoring__check_data_drift_ manual__2026-05-31T08:29:02.078743+00:00 [queued]>
[2026-05-31T08:29:41.143+0000] {taskinstance.py:2866} INFO - Starting attempt 1 of 1
[2026-05-31T08:29:41.164+0000] {taskinstance.py:2889} INFO - Executing <Task(BranchPythonOperator): _ml_pipeline_monitoring__check_data_drift_> on 2026-05-31 08:29:02.078743+00:00
[2026-05-31T08:29:41.181+0000] {standard_task_runner.py:72} INFO - Started process 3710 to run task
[2026-05-31T08:29:41.191+0000] {standard_task_runner.py:104} INFO - Running: ['***', 'tasks', 'run', 'ml_pipeline_monitoring', '_ml_pipeline_monitoring__check_data_drift_', 'manual__2026-05-31T08:29:02.078743+00:00', '--job-id', '322', '--raw', '--subdir', 'DAGS_FOLDER/ml_pipeline_monitoring/dag_pipeline.py', '--cfg-path', '/tmp/tmpvfo7jrt8']
[2026-05-31T08:29:41.194+0000] {standard_task_runner.py:105} INFO - Job 322: Subtask _ml_pipeline_monitoring__check_data_drift_
[2026-05-31T08:29:41.251+0000] {task_command.py:467} INFO - Running <TaskInstance: ml_pipeline_monitoring._ml_pipeline_monitoring__check_data_drift_ manual__2026-05-31T08:29:02.078743+00:00 [running]> on host ea8dc20c3f47
[2026-05-31T08:29:41.329+0000] {taskinstance.py:3132} INFO - Exporting env vars: AIRFLOW_CTX_DAG_OWNER='***' AIRFLOW_CTX_DAG_ID='ml_pipeline_monitoring' AIRFLOW_CTX_TASK_ID='_ml_pipeline_monitoring__check_data_drift_' AIRFLOW_CTX_EXECUTION_DATE='2026-05-31T08:29:02.078743+00:00' AIRFLOW_CTX_TRY_NUMBER='1' AIRFLOW_CTX_DAG_RUN_ID='manual__2026-05-31T08:29:02.078743+00:00'
[2026-05-31T08:29:41.332+0000] {taskinstance.py:731} INFO - ::endgroup::
[2026-05-31T08:29:41.344+0000] {baseoperator.py:421} WARNING - BranchPythonOperator.execute cannot be called outside TaskInstance!
[2026-05-31T08:29:41.668+0000] {warnings.py:110} WARNING - /opt/***/dags/ml_pipeline_monitoring/src/helpers.py:113: DtypeWarning: Columns (16,21) have mixed types. Specify dtype option on import or set low_memory=False.
  return pd.read_csv(path)

[2026-05-31T08:29:42.195+0000] {logging_mixin.py:190} WARNING - data drift:
|     | 0/5 [Time: 00:00]
[2026-05-31T08:29:42.304+0000] {logging_mixin.py:190} WARNING - data drift:
|#    | 1/5 [Time: 00:00, Check=New Label Train Test]
[2026-05-31T08:29:43.590+0000] {warnings.py:110} WARNING - /home/***/.local/lib/python3.11/site-packages/joblib/parallel.py:1379: UserWarning: Loky-backed parallel loops cannot be called in a multiprocessing, setting n_jobs=1
  n_jobs = self._backend.configure(

[2026-05-31T08:29:45.659+0000] {logging_mixin.py:190} WARNING - data drift:
|##   | 2/5 [Time: 00:03, Check=Whole Dataset Drift] 
[2026-05-31T08:29:50.488+0000] {logging_mixin.py:190} WARNING - data drift:
|###  | 3/5 [Time: 00:08, Check=Feature Label Correlation Change]
[2026-05-31T08:29:51.218+0000] {logging_mixin.py:190} WARNING - data drift:
|#### | 4/5 [Time: 00:09, Check=Train Test Feature Drift]        
[2026-05-31T08:29:51.358+0000] {logging_mixin.py:190} WARNING - data drift:
|#####| 5/5 [Time: 00:09, Check=Train Test Label Drift]  
[2026-05-31T08:29:51.358+0000] {logging_mixin.py:190} WARNING -                                                                    
[2026-05-31T08:29:51.379+0000] {logging_mixin.py:190} INFO - [WARNING][DRIFTS.check_DATA_DRIFT] Traceback (most recent call last):
  File "/opt/***/dags/ml_pipeline_monitoring/src/drifts.py", line 82, in check_data_drift
    r.save_as_html(f"{config.PATH_DIR_RESULTS}/{job_id}_data_drift_report.html")
  File "/home/***/.local/lib/python3.11/site-packages/deepchecks/core/suite.py", line 266, in save_as_html
    return save_as_html(
           ^^^^^^^^^^^^^
  File "/home/***/.local/lib/python3.11/site-packages/deepchecks/core/display.py", line 334, in save_as_html
    serializer.serialize(**kwargs),
    ^^^^^^^^^^^^^^^^^^^^^^^^^^^^^^
  File "/home/***/.local/lib/python3.11/site-packages/deepchecks/core/serialization/suite_result/widget.py", line 84, in serialize
    self.prepare_results(
  File "/home/***/.local/lib/python3.11/site-packages/deepchecks/core/serialization/suite_result/widget.py", line 211, in prepare_results
    serialized_results = [
                         ^
  File "/home/***/.local/lib/python3.11/site-packages/deepchecks/core/serialization/suite_result/widget.py", line 212, in <listcomp>
    select_serializer(it).serialize(output_id=section_id, **kwargs)
  File "/home/***/.local/lib/python3.11/site-packages/deepchecks/core/serialization/check_result/widget.py", line 85, in serialize
    sections.append(self.prepare_additional_output(
                    ^^^^^^^^^^^^^^^^^^^^^^^^^^^^^^^
  File "/home/***/.local/lib/python3.11/site-packages/deepchecks/core/serialization/check_result/widget.py", line 156, in prepare_additional_output
    return VBox(children=DisplayItemsHandler.handle_display(
                         ^^^^^^^^^^^^^^^^^^^^^^^^^^^^^^^^^^^
  File "/home/***/.local/lib/python3.11/site-packages/deepchecks/core/serialization/check_result/widget.py", line 193, in handle_display
    return t.cast(t.List[Widget], super().handle_display(
                                  ^^^^^^^^^^^^^^^^^^^^^^^
  File "/home/***/.local/lib/python3.11/site-packages/deepchecks/core/serialization/check_result/html.py", line 242, in handle_display
    output.extend(super().handle_display(display, **{'output_id': output_id, **kwargs}))
                  ^^^^^^^^^^^^^^^^^^^^^^^^^^^^^^^^^^^^^^^^^^^^^^^^^^^^^^^^^^^^^^^^^^^^^
  File "/home/***/.local/lib/python3.11/site-packages/deepchecks/core/serialization/abc.py", line 210, in handle_display
    return [cls.handle_item(it, index, **kwargs) for index, it in enumerate(display)]
           ^^^^^^^^^^^^^^^^^^^^^^^^^^^^^^^^^^^^^^^^^^^^^^^^^^^^^^^^^^^^^^^^^^^^^^^^^^
  File "/home/***/.local/lib/python3.11/site-packages/deepchecks/core/serialization/abc.py", line 210, in <listcomp>
    return [cls.handle_item(it, index, **kwargs) for index, it in enumerate(display)]
            ^^^^^^^^^^^^^^^^^^^^^^^^^^^^^^^^^^^^
  File "/home/***/.local/lib/python3.11/site-packages/deepchecks/core/serialization/abc.py", line 221, in handle_item
    return cls.handle_figure(item, index, **kwargs)
           ^^^^^^^^^^^^^^^^^^^^^^^^^^^^^^^^^^^^^^^^
  File "/home/***/.local/lib/python3.11/site-packages/deepchecks/core/serialization/check_result/widget.py", line 225, in handle_figure
    go.FigureWidget(data=item)
  File "/home/***/.local/lib/python3.11/site-packages/plotly/missing_anywidget.py", line 13, in __init__
    raise ImportError("Please install anywidget to use the FigureWidget class")
ImportError: Please install anywidget to use the FigureWidget class
[2026-05-31T08:29:51.380+0000] {python.py:240} INFO - Done. Returned value was: _ml_pipeline_monitoring__preprocess_
[2026-05-31T08:29:51.380+0000] {branch.py:38} INFO - Branch into _ml_pipeline_monitoring__preprocess_
[2026-05-31T08:29:51.380+0000] {skipmixin.py:230} INFO - Following branch ('_ml_pipeline_monitoring__preprocess_',)
[2026-05-31T08:29:51.390+0000] {skipmixin.py:278} INFO - Skipping tasks [('_ml_pipeline_monitoring__slack_data_drift_', -1)]
[2026-05-31T08:29:51.426+0000] {taskinstance.py:340} INFO - ::group::Post task execution logs
[2026-05-31T08:29:51.429+0000] {taskinstance.py:352} INFO - Marking task as SUCCESS. dag_id=ml_pipeline_monitoring, task_id=_ml_pipeline_monitoring__check_data_drift_, run_id=manual__2026-05-31T08:29:02.078743+00:00, execution_date=20260531T082902, start_date=20260531T082941, end_date=20260531T082951
[2026-05-31T08:29:51.443+0000] {logging_mixin.py:190} WARNING - 
[2026-05-31T08:29:51.500+0000] {local_task_job_runner.py:266} INFO - Task exited with return code 0
[2026-05-31T08:29:51.525+0000] {taskinstance.py:3895} INFO - 1 downstream tasks scheduled from follow-on schedule check
[2026-05-31T08:29:51.528+0000] {local_task_job_runner.py:245} INFO - ::endgroup::
