[2026-05-30T17:10:09.918+0000] {local_task_job_runner.py:123} INFO - ::group::Pre task execution logs
[2026-05-30T17:10:09.966+0000] {taskinstance.py:2613} INFO - Dependencies all met for dep_context=non-requeueable deps ti=<TaskInstance: user_processing.store_user manual__2026-05-30T17:09:51.956032+00:00 map_index=2 [queued]>
[2026-05-30T17:10:09.987+0000] {taskinstance.py:2613} INFO - Dependencies all met for dep_context=requeueable deps ti=<TaskInstance: user_processing.store_user manual__2026-05-30T17:09:51.956032+00:00 map_index=2 [queued]>
[2026-05-30T17:10:09.990+0000] {taskinstance.py:2866} INFO - Starting attempt 1 of 1
[2026-05-30T17:10:10.012+0000] {taskinstance.py:2889} INFO - Executing <Mapped(_PythonDecoratedOperator): store_user> on 2026-05-30 17:09:51.956032+00:00
[2026-05-30T17:10:10.033+0000] {standard_task_runner.py:72} INFO - Started process 295 to run task
[2026-05-30T17:10:10.045+0000] {standard_task_runner.py:104} INFO - Running: ['***', 'tasks', 'run', 'user_processing', 'store_user', 'manual__2026-05-30T17:09:51.956032+00:00', '--job-id', '296', '--raw', '--subdir', 'DAGS_FOLDER/user_processing.py', '--cfg-path', '/tmp/tmpg3jbkdzb', '--map-index', '2']
[2026-05-30T17:10:10.052+0000] {standard_task_runner.py:105} INFO - Job 296: Subtask store_user
[2026-05-30T17:10:10.134+0000] {task_command.py:467} INFO - Running <TaskInstance: user_processing.store_user manual__2026-05-30T17:09:51.956032+00:00 map_index=2 [running]> on host ea8dc20c3f47
[2026-05-30T17:10:10.455+0000] {taskinstance.py:3132} INFO - Exporting env vars: AIRFLOW_CTX_DAG_OWNER='***' AIRFLOW_CTX_DAG_ID='user_processing' AIRFLOW_CTX_TASK_ID='store_user' AIRFLOW_CTX_EXECUTION_DATE='2026-05-30T17:09:51.956032+00:00' AIRFLOW_CTX_TRY_NUMBER='1' AIRFLOW_CTX_DAG_RUN_ID='manual__2026-05-30T17:09:51.956032+00:00'
[2026-05-30T17:10:10.456+0000] {taskinstance.py:731} INFO - ::endgroup::
[2026-05-30T17:10:10.464+0000] {postgres.py:204} INFO - Running copy expert: COPY users FROM stdin WITH DELIMITER as ',', filename: /tmp/processed_user_3.csv
[2026-05-30T17:10:10.473+0000] {crypto.py:82} WARNING - empty cryptography key - values will not be stored encrypted.
[2026-05-30T17:10:10.474+0000] {base.py:84} INFO - Retrieving connection 'postgres'
[2026-05-30T17:10:10.488+0000] {python.py:240} INFO - Done. Returned value was: None
[2026-05-30T17:10:10.505+0000] {taskinstance.py:340} INFO - ::group::Post task execution logs
[2026-05-30T17:10:10.506+0000] {taskinstance.py:352} INFO - Marking task as SUCCESS. dag_id=user_processing, task_id=store_user, run_id=manual__2026-05-30T17:09:51.956032+00:00, map_index=2, execution_date=20260530T170951, start_date=20260530T171009, end_date=20260530T171010
[2026-05-30T17:10:10.564+0000] {local_task_job_runner.py:266} INFO - Task exited with return code 0
[2026-05-30T17:10:10.611+0000] {taskinstance.py:3895} INFO - 0 downstream tasks scheduled from follow-on schedule check
[2026-05-30T17:10:10.619+0000] {local_task_job_runner.py:245} INFO - ::endgroup::
