[2026-05-21T08:37:35.053+0000] {local_task_job_runner.py:123} INFO - ::group::Pre task execution logs
[2026-05-21T08:37:35.072+0000] {taskinstance.py:2613} INFO - Dependencies all met for dep_context=non-requeueable deps ti=<TaskInstance: user_storing.create_table manual__2026-05-21T08:37:33.664562+00:00 [queued]>
[2026-05-21T08:37:35.082+0000] {taskinstance.py:2613} INFO - Dependencies all met for dep_context=requeueable deps ti=<TaskInstance: user_storing.create_table manual__2026-05-21T08:37:33.664562+00:00 [queued]>
[2026-05-21T08:37:35.083+0000] {taskinstance.py:2866} INFO - Starting attempt 1 of 1
[2026-05-21T08:37:35.094+0000] {taskinstance.py:2889} INFO - Executing <Task(SQLExecuteQueryOperator): create_table> on 2026-05-21 08:37:33.664562+00:00
[2026-05-21T08:37:35.100+0000] {standard_task_runner.py:72} INFO - Started process 5336 to run task
[2026-05-21T08:37:35.103+0000] {standard_task_runner.py:104} INFO - Running: ['***', 'tasks', 'run', 'user_storing', 'create_table', 'manual__2026-05-21T08:37:33.664562+00:00', '--job-id', '127', '--raw', '--subdir', 'DAGS_FOLDER/user_storing.py', '--cfg-path', '/tmp/tmpkb8yefi3']
[2026-05-21T08:37:35.107+0000] {standard_task_runner.py:105} INFO - Job 127: Subtask create_table
[2026-05-21T08:37:35.179+0000] {task_command.py:467} INFO - Running <TaskInstance: user_storing.create_table manual__2026-05-21T08:37:33.664562+00:00 [running]> on host 7a0bb4c18cb4
[2026-05-21T08:37:35.334+0000] {taskinstance.py:3132} INFO - Exporting env vars: AIRFLOW_CTX_DAG_OWNER='***' AIRFLOW_CTX_DAG_ID='user_storing' AIRFLOW_CTX_TASK_ID='create_table' AIRFLOW_CTX_EXECUTION_DATE='2026-05-21T08:37:33.664562+00:00' AIRFLOW_CTX_TRY_NUMBER='1' AIRFLOW_CTX_DAG_RUN_ID='manual__2026-05-21T08:37:33.664562+00:00'
[2026-05-21T08:37:35.340+0000] {taskinstance.py:731} INFO - ::endgroup::
[2026-05-21T08:37:35.352+0000] {sql.py:278} INFO - Executing: 
        DROP TABLE IF EXISTS users;
        CREATE TABLE IF NOT EXISTS users (
            id BIGINT NOT NULL,
            firstname TEXT NOT NULL,
            lastname TEXT NOT NULL,
            country TEXT NOT NULL,
            username TEXT NOT NULL,
            password TEXT NOT NULL,
            email TEXT NOT NULL,
            age INTEGER NOT NULL,
            gender TEXT NOT NULL
        );
        
[2026-05-21T08:37:35.372+0000] {base.py:84} INFO - Retrieving connection 'postgres'
[2026-05-21T08:37:35.378+0000] {base.py:84} INFO - Retrieving connection 'postgres'
[2026-05-21T08:37:35.381+0000] {sql.py:553} INFO - Running statement: 
        DROP TABLE IF EXISTS users;
        CREATE TABLE IF NOT EXISTS users (
            id BIGINT NOT NULL,
            firstname TEXT NOT NULL,
            lastname TEXT NOT NULL,
            country TEXT NOT NULL,
            username TEXT NOT NULL,
            password TEXT NOT NULL,
            email TEXT NOT NULL,
            age INTEGER NOT NULL,
            gender TEXT NOT NULL
        );
        , parameters: None
[2026-05-21T08:37:35.400+0000] {taskinstance.py:340} INFO - ::group::Post task execution logs
[2026-05-21T08:37:35.400+0000] {taskinstance.py:352} INFO - Marking task as SUCCESS. dag_id=user_storing, task_id=create_table, run_id=manual__2026-05-21T08:37:33.664562+00:00, execution_date=20260521T083733, start_date=20260521T083735, end_date=20260521T083735
[2026-05-21T08:37:35.457+0000] {local_task_job_runner.py:266} INFO - Task exited with return code 0
[2026-05-21T08:37:35.472+0000] {taskinstance.py:3895} INFO - 1 downstream tasks scheduled from follow-on schedule check
[2026-05-21T08:37:35.475+0000] {local_task_job_runner.py:245} INFO - ::endgroup::
