[2026-05-20T12:19:41.038+0000] {local_task_job_runner.py:123} INFO - ::group::Pre task execution logs
[2026-05-20T12:19:41.051+0000] {taskinstance.py:2613} INFO - Dependencies all met for dep_context=non-requeueable deps ti=<TaskInstance: user_processing.is_api_available manual__2026-05-20T12:19:40.075540+00:00 [queued]>
[2026-05-20T12:19:41.061+0000] {taskinstance.py:2613} INFO - Dependencies all met for dep_context=requeueable deps ti=<TaskInstance: user_processing.is_api_available manual__2026-05-20T12:19:40.075540+00:00 [queued]>
[2026-05-20T12:19:41.062+0000] {taskinstance.py:2866} INFO - Starting attempt 1 of 1
[2026-05-20T12:19:41.212+0000] {taskinstance.py:2889} INFO - Executing <Task(HttpSensor): is_api_available> on 2026-05-20 12:19:40.075540+00:00
[2026-05-20T12:19:41.218+0000] {standard_task_runner.py:72} INFO - Started process 3912 to run task
[2026-05-20T12:19:41.221+0000] {standard_task_runner.py:104} INFO - Running: ['***', 'tasks', 'run', 'user_processing', 'is_api_available', 'manual__2026-05-20T12:19:40.075540+00:00', '--job-id', '111', '--raw', '--subdir', 'DAGS_FOLDER/user_processing.py', '--cfg-path', '/tmp/tmp7i1iyf7a']
[2026-05-20T12:19:41.226+0000] {standard_task_runner.py:105} INFO - Job 111: Subtask is_api_available
[2026-05-20T12:19:41.414+0000] {task_command.py:467} INFO - Running <TaskInstance: user_processing.is_api_available manual__2026-05-20T12:19:40.075540+00:00 [running]> on host 7a0bb4c18cb4
[2026-05-20T12:19:41.497+0000] {taskinstance.py:3132} INFO - Exporting env vars: AIRFLOW_CTX_DAG_OWNER='***' AIRFLOW_CTX_DAG_ID='user_processing' AIRFLOW_CTX_TASK_ID='is_api_available' AIRFLOW_CTX_EXECUTION_DATE='2026-05-20T12:19:40.075540+00:00' AIRFLOW_CTX_TRY_NUMBER='1' AIRFLOW_CTX_DAG_RUN_ID='manual__2026-05-20T12:19:40.075540+00:00'
[2026-05-20T12:19:41.499+0000] {taskinstance.py:731} INFO - ::endgroup::
[2026-05-20T12:19:41.510+0000] {baseoperator.py:421} WARNING - HttpSensor.execute cannot be called outside TaskInstance!
[2026-05-20T12:19:41.511+0000] {http.py:139} INFO - Poking: users?limit=10
[2026-05-20T12:19:41.518+0000] {base.py:84} INFO - Retrieving connection 'user_api'
[2026-05-20T12:19:44.798+0000] {base.py:336} INFO - Success criteria met. Exiting.
[2026-05-20T12:19:44.812+0000] {taskinstance.py:340} INFO - ::group::Post task execution logs
[2026-05-20T12:19:44.812+0000] {taskinstance.py:352} INFO - Marking task as SUCCESS. dag_id=user_processing, task_id=is_api_available, run_id=manual__2026-05-20T12:19:40.075540+00:00, execution_date=20260520T121940, start_date=20260520T121941, end_date=20260520T121944
[2026-05-20T12:19:44.855+0000] {local_task_job_runner.py:266} INFO - Task exited with return code 0
[2026-05-20T12:19:44.875+0000] {taskinstance.py:3895} INFO - 1 downstream tasks scheduled from follow-on schedule check
[2026-05-20T12:19:44.878+0000] {local_task_job_runner.py:245} INFO - ::endgroup::
