[2026-05-20T09:59:18.552+0000] {local_task_job_runner.py:123} INFO - ::group::Pre task execution logs
[2026-05-20T09:59:18.565+0000] {taskinstance.py:2613} INFO - Dependencies all met for dep_context=non-requeueable deps ti=<TaskInstance: product_processing.is_api_available scheduled__2026-05-19T00:00:00+00:00 [queued]>
[2026-05-20T09:59:18.571+0000] {taskinstance.py:2613} INFO - Dependencies all met for dep_context=requeueable deps ti=<TaskInstance: product_processing.is_api_available scheduled__2026-05-19T00:00:00+00:00 [queued]>
[2026-05-20T09:59:18.571+0000] {taskinstance.py:2866} INFO - Starting attempt 1 of 1
[2026-05-20T09:59:18.719+0000] {taskinstance.py:2889} INFO - Executing <Task(HttpSensor): is_api_available> on 2026-05-19 00:00:00+00:00
[2026-05-20T09:59:18.728+0000] {standard_task_runner.py:72} INFO - Started process 1913 to run task
[2026-05-20T09:59:18.735+0000] {standard_task_runner.py:104} INFO - Running: ['***', 'tasks', 'run', 'product_processing', 'is_api_available', 'scheduled__2026-05-19T00:00:00+00:00', '--job-id', '75', '--raw', '--subdir', 'DAGS_FOLDER/product_processing.py', '--cfg-path', '/tmp/tmp_q3yc_5l']
[2026-05-20T09:59:18.738+0000] {standard_task_runner.py:105} INFO - Job 75: Subtask is_api_available
[2026-05-20T09:59:18.799+0000] {task_command.py:467} INFO - Running <TaskInstance: product_processing.is_api_available scheduled__2026-05-19T00:00:00+00:00 [running]> on host 7a0bb4c18cb4
[2026-05-20T09:59:18.869+0000] {taskinstance.py:3132} INFO - Exporting env vars: AIRFLOW_CTX_DAG_OWNER='***' AIRFLOW_CTX_DAG_ID='product_processing' AIRFLOW_CTX_TASK_ID='is_api_available' AIRFLOW_CTX_EXECUTION_DATE='2026-05-19T00:00:00+00:00' AIRFLOW_CTX_TRY_NUMBER='1' AIRFLOW_CTX_DAG_RUN_ID='scheduled__2026-05-19T00:00:00+00:00'
[2026-05-20T09:59:18.870+0000] {taskinstance.py:731} INFO - ::endgroup::
[2026-05-20T09:59:18.883+0000] {baseoperator.py:421} WARNING - HttpSensor.execute cannot be called outside TaskInstance!
[2026-05-20T09:59:18.883+0000] {http.py:139} INFO - Poking: products?limit=10
[2026-05-20T09:59:18.894+0000] {base.py:84} INFO - Retrieving connection 'product_api'
[2026-05-20T09:59:19.382+0000] {base.py:336} INFO - Success criteria met. Exiting.
[2026-05-20T09:59:19.392+0000] {taskinstance.py:340} INFO - ::group::Post task execution logs
[2026-05-20T09:59:19.393+0000] {taskinstance.py:352} INFO - Marking task as SUCCESS. dag_id=product_processing, task_id=is_api_available, run_id=scheduled__2026-05-19T00:00:00+00:00, execution_date=20260519T000000, start_date=20260520T095918, end_date=20260520T095919
[2026-05-20T09:59:19.429+0000] {local_task_job_runner.py:266} INFO - Task exited with return code 0
[2026-05-20T09:59:19.457+0000] {taskinstance.py:3895} INFO - 1 downstream tasks scheduled from follow-on schedule check
[2026-05-20T09:59:19.459+0000] {local_task_job_runner.py:245} INFO - ::endgroup::
