[2026-05-20T12:09:41.313+0000] {local_task_job_runner.py:123} INFO - ::group::Pre task execution logs
[2026-05-20T12:09:41.327+0000] {taskinstance.py:2613} INFO - Dependencies all met for dep_context=non-requeueable deps ti=<TaskInstance: user_processing.is_api_available manual__2026-05-20T12:09:40.135967+00:00 [queued]>
[2026-05-20T12:09:41.338+0000] {taskinstance.py:2613} INFO - Dependencies all met for dep_context=requeueable deps ti=<TaskInstance: user_processing.is_api_available manual__2026-05-20T12:09:40.135967+00:00 [queued]>
[2026-05-20T12:09:41.339+0000] {taskinstance.py:2866} INFO - Starting attempt 1 of 1
[2026-05-20T12:09:41.480+0000] {taskinstance.py:2889} INFO - Executing <Task(HttpSensor): is_api_available> on 2026-05-20 12:09:40.135967+00:00
[2026-05-20T12:09:41.486+0000] {standard_task_runner.py:72} INFO - Started process 3743 to run task
[2026-05-20T12:09:41.489+0000] {standard_task_runner.py:104} INFO - Running: ['***', 'tasks', 'run', 'user_processing', 'is_api_available', 'manual__2026-05-20T12:09:40.135967+00:00', '--job-id', '102', '--raw', '--subdir', 'DAGS_FOLDER/user_processing.py', '--cfg-path', '/tmp/tmp9nu892xx']
[2026-05-20T12:09:41.494+0000] {standard_task_runner.py:105} INFO - Job 102: Subtask is_api_available
[2026-05-20T12:09:41.535+0000] {task_command.py:467} INFO - Running <TaskInstance: user_processing.is_api_available manual__2026-05-20T12:09:40.135967+00:00 [running]> on host 7a0bb4c18cb4
[2026-05-20T12:09:41.607+0000] {taskinstance.py:3132} INFO - Exporting env vars: AIRFLOW_CTX_DAG_OWNER='***' AIRFLOW_CTX_DAG_ID='user_processing' AIRFLOW_CTX_TASK_ID='is_api_available' AIRFLOW_CTX_EXECUTION_DATE='2026-05-20T12:09:40.135967+00:00' AIRFLOW_CTX_TRY_NUMBER='1' AIRFLOW_CTX_DAG_RUN_ID='manual__2026-05-20T12:09:40.135967+00:00'
[2026-05-20T12:09:41.607+0000] {taskinstance.py:731} INFO - ::endgroup::
[2026-05-20T12:09:41.618+0000] {baseoperator.py:421} WARNING - HttpSensor.execute cannot be called outside TaskInstance!
[2026-05-20T12:09:41.619+0000] {http.py:139} INFO - Poking: users?limit=10
[2026-05-20T12:09:41.625+0000] {base.py:84} INFO - Retrieving connection 'user_api'
[2026-05-20T12:09:45.034+0000] {base.py:336} INFO - Success criteria met. Exiting.
[2026-05-20T12:09:45.046+0000] {taskinstance.py:340} INFO - ::group::Post task execution logs
[2026-05-20T12:09:45.047+0000] {taskinstance.py:352} INFO - Marking task as SUCCESS. dag_id=user_processing, task_id=is_api_available, run_id=manual__2026-05-20T12:09:40.135967+00:00, execution_date=20260520T120940, start_date=20260520T120941, end_date=20260520T120945
[2026-05-20T12:09:45.081+0000] {local_task_job_runner.py:266} INFO - Task exited with return code 0
[2026-05-20T12:09:45.126+0000] {taskinstance.py:3895} INFO - 1 downstream tasks scheduled from follow-on schedule check
[2026-05-20T12:09:45.130+0000] {local_task_job_runner.py:245} INFO - ::endgroup::
