[2026-05-31T12:03:31.736+0000] {local_task_job_runner.py:123} INFO - ::group::Pre task execution logs
[2026-05-31T12:03:31.749+0000] {taskinstance.py:2613} INFO - Dependencies all met for dep_context=non-requeueable deps ti=<TaskInstance: ml_pipeline_monitoring._ml_pipeline_monitoring__deploy_ manual__2026-05-31T09:02:23.157674+00:00 [queued]>
[2026-05-31T12:03:31.757+0000] {taskinstance.py:2613} INFO - Dependencies all met for dep_context=requeueable deps ti=<TaskInstance: ml_pipeline_monitoring._ml_pipeline_monitoring__deploy_ manual__2026-05-31T09:02:23.157674+00:00 [queued]>
[2026-05-31T12:03:31.757+0000] {taskinstance.py:2866} INFO - Starting attempt 1 of 1
[2026-05-31T12:03:31.769+0000] {taskinstance.py:2889} INFO - Executing <Task(PythonOperator): _ml_pipeline_monitoring__deploy_> on 2026-05-31 09:02:23.157674+00:00
[2026-05-31T12:03:31.781+0000] {standard_task_runner.py:72} INFO - Started process 735 to run task
[2026-05-31T12:03:31.784+0000] {standard_task_runner.py:104} INFO - Running: ['***', 'tasks', 'run', 'ml_pipeline_monitoring', '_ml_pipeline_monitoring__deploy_', 'manual__2026-05-31T09:02:23.157674+00:00', '--job-id', '340', '--raw', '--subdir', 'DAGS_FOLDER/ml_pipeline_monitoring/dag_pipeline.py', '--cfg-path', '/tmp/tmpvapm37el']
[2026-05-31T12:03:31.786+0000] {standard_task_runner.py:105} INFO - Job 340: Subtask _ml_pipeline_monitoring__deploy_
[2026-05-31T12:03:31.828+0000] {task_command.py:467} INFO - Running <TaskInstance: ml_pipeline_monitoring._ml_pipeline_monitoring__deploy_ manual__2026-05-31T09:02:23.157674+00:00 [running]> on host c3e2d0786b32
[2026-05-31T12:03:32.130+0000] {taskinstance.py:3132} INFO - Exporting env vars: AIRFLOW_CTX_DAG_OWNER='***' AIRFLOW_CTX_DAG_ID='ml_pipeline_monitoring' AIRFLOW_CTX_TASK_ID='_ml_pipeline_monitoring__deploy_' AIRFLOW_CTX_EXECUTION_DATE='2026-05-31T09:02:23.157674+00:00' AIRFLOW_CTX_TRY_NUMBER='1' AIRFLOW_CTX_DAG_RUN_ID='manual__2026-05-31T09:02:23.157674+00:00'
[2026-05-31T12:03:32.131+0000] {taskinstance.py:731} INFO - ::endgroup::
[2026-05-31T12:03:32.163+0000] {logging_mixin.py:190} INFO - [INFO] Table testdb.mljob ready!
[2026-05-31T12:03:32.166+0000] {logging_mixin.py:190} INFO - [INFO] Job f226ff6147444142a9b9175e96c710c1 logged as training::deploy::started::
[2026-05-31T12:03:32.166+0000] {logging_mixin.py:190} INFO - [DEBUG] job_id: f226ff6147444142a9b9175e96c710c1
[2026-05-31T12:03:32.327+0000] {warnings.py:110} WARNING - /home/***/.local/lib/python3.11/site-packages/sklearn/base.py:348: InconsistentVersionWarning: Trying to unpickle estimator DecisionTreeClassifier from version 0.24.2 when using version 1.3.2. This might lead to breaking code or invalid results. Use at your own risk. For more info please refer to:
https://scikit-learn.org/stable/model_persistence.html#security-maintainability-limitations
  warnings.warn(

[2026-05-31T12:03:32.328+0000] {logging_mixin.py:190} INFO - [WARNING] Deployed baseline model `12196ecaa65e4831987aee4bfced5f60_rf` is incompatible with the current scikit-learn version. Evaluating it in the legacy runtime.
[2026-05-31T12:03:36.101+0000] {logging_mixin.py:190} INFO - Matplotlib created a temporary cache directory at /tmp/matplotlib-s_1cmx88 because the default path (/.config/matplotlib) is not a writable directory; it is highly recommended to set the MPLCONFIGDIR environment variable to a writable directory, in particular to speed up the import of Matplotlib and to better support multiprocessing.
[2026-05-31T12:03:36.418+0000] {logging_mixin.py:190} INFO - [INFO] Deployment report saved as /opt/***/ml_pipeline_models/deploy_report.json
[2026-05-31T12:03:36.420+0000] {logging_mixin.py:190} INFO - [INFO] Job f226ff6147444142a9b9175e96c710c1 logged as training::deploy::pass::
[2026-05-31T12:03:36.423+0000] {python.py:240} INFO - Done. Returned value was: None
[2026-05-31T12:03:36.431+0000] {taskinstance.py:340} INFO - ::group::Post task execution logs
[2026-05-31T12:03:36.432+0000] {taskinstance.py:352} INFO - Marking task as SUCCESS. dag_id=ml_pipeline_monitoring, task_id=_ml_pipeline_monitoring__deploy_, run_id=manual__2026-05-31T09:02:23.157674+00:00, execution_date=20260531T090223, start_date=20260531T120331, end_date=20260531T120336
[2026-05-31T12:03:36.464+0000] {local_task_job_runner.py:266} INFO - Task exited with return code 0
[2026-05-31T12:03:36.478+0000] {taskinstance.py:3895} INFO - 0 downstream tasks scheduled from follow-on schedule check
[2026-05-31T12:03:36.484+0000] {local_task_job_runner.py:245} INFO - ::endgroup::
