[2026-05-31T08:41:16.354+0000] {local_task_job_runner.py:123} INFO - ::group::Pre task execution logs
[2026-05-31T08:41:16.375+0000] {taskinstance.py:2613} INFO - Dependencies all met for dep_context=non-requeueable deps ti=<TaskInstance: ml_pipeline_monitoring._ml_pipeline_monitoring__preprocess_ manual__2026-05-31T08:40:14.005420+00:00 [queued]>
[2026-05-31T08:41:16.387+0000] {taskinstance.py:2613} INFO - Dependencies all met for dep_context=requeueable deps ti=<TaskInstance: ml_pipeline_monitoring._ml_pipeline_monitoring__preprocess_ manual__2026-05-31T08:40:14.005420+00:00 [queued]>
[2026-05-31T08:41:16.388+0000] {taskinstance.py:2866} INFO - Starting attempt 1 of 1
[2026-05-31T08:41:16.403+0000] {taskinstance.py:2889} INFO - Executing <Task(PythonOperator): _ml_pipeline_monitoring__preprocess_> on 2026-05-31 08:40:14.005420+00:00
[2026-05-31T08:41:16.419+0000] {standard_task_runner.py:72} INFO - Started process 3918 to run task
[2026-05-31T08:41:16.425+0000] {standard_task_runner.py:104} INFO - Running: ['***', 'tasks', 'run', 'ml_pipeline_monitoring', '_ml_pipeline_monitoring__preprocess_', 'manual__2026-05-31T08:40:14.005420+00:00', '--job-id', '328', '--raw', '--subdir', 'DAGS_FOLDER/ml_pipeline_monitoring/dag_pipeline.py', '--cfg-path', '/tmp/tmplg9uzg_s']
[2026-05-31T08:41:16.429+0000] {standard_task_runner.py:105} INFO - Job 328: Subtask _ml_pipeline_monitoring__preprocess_
[2026-05-31T08:41:16.489+0000] {task_command.py:467} INFO - Running <TaskInstance: ml_pipeline_monitoring._ml_pipeline_monitoring__preprocess_ manual__2026-05-31T08:40:14.005420+00:00 [running]> on host ea8dc20c3f47
[2026-05-31T08:41:16.571+0000] {taskinstance.py:3132} INFO - Exporting env vars: AIRFLOW_CTX_DAG_OWNER='***' AIRFLOW_CTX_DAG_ID='ml_pipeline_monitoring' AIRFLOW_CTX_TASK_ID='_ml_pipeline_monitoring__preprocess_' AIRFLOW_CTX_EXECUTION_DATE='2026-05-31T08:40:14.005420+00:00' AIRFLOW_CTX_TRY_NUMBER='1' AIRFLOW_CTX_DAG_RUN_ID='manual__2026-05-31T08:40:14.005420+00:00'
[2026-05-31T08:41:16.572+0000] {taskinstance.py:731} INFO - ::endgroup::
[2026-05-31T08:41:16.627+0000] {logging_mixin.py:190} INFO - [INFO] Table testdb.mljob ready!
[2026-05-31T08:41:16.630+0000] {logging_mixin.py:190} INFO - [INFO] Job 5c89ab3ed9d64210881ec20a79a17555 logged as training::preprocess::started::
[2026-05-31T08:41:16.881+0000] {warnings.py:110} WARNING - /opt/***/dags/ml_pipeline_monitoring/src/helpers.py:113: DtypeWarning: Columns (16,21) have mixed types. Specify dtype option on import or set low_memory=False.
  return pd.read_csv(path)

[2026-05-31T08:41:18.616+0000] {logging_mixin.py:190} INFO - [INFO] Converting purpose to int using method: weighted ranking
[2026-05-31T08:41:18.618+0000] {logging_mixin.py:190} INFO - [INFO] No model for purpose-to-int conversion provided. Training a new model first...
[2026-05-31T08:41:18.625+0000] {logging_mixin.py:190} INFO - [INFO] Model saved as json file: /opt/***/ml_pipeline_models/5c89ab3ed9d64210881ec20a79a17555_purpose_to_int_model.json
[2026-05-31T08:41:18.633+0000] {logging_mixin.py:190} INFO - [INFO] Treating missing values in column: loan_id
[2026-05-31T08:41:18.634+0000] {logging_mixin.py:190} INFO - [INFO] Treating missing values in column: customer_id
[2026-05-31T08:41:18.636+0000] {logging_mixin.py:190} INFO - [INFO] Treating missing values in column: loan_status
[2026-05-31T08:41:18.637+0000] {logging_mixin.py:190} INFO - [INFO] Treating missing values in column: application_time
[2026-05-31T08:41:18.657+0000] {logging_mixin.py:190} INFO - [INFO] Treating missing values in column: current_loan_amount
[2026-05-31T08:41:18.675+0000] {logging_mixin.py:190} INFO - [INFO] Treating missing values in column: term
[2026-05-31T08:41:18.689+0000] {logging_mixin.py:190} INFO - [INFO] Treating missing values in column: tax_liens
[2026-05-31T08:41:18.700+0000] {logging_mixin.py:190} INFO - [INFO] Treating missing values in column: purpose
[2026-05-31T08:41:18.715+0000] {logging_mixin.py:190} INFO - [INFO] Treating missing values in column: no_of_properties
[2026-05-31T08:41:18.737+0000] {logging_mixin.py:190} INFO - [INFO] Treating missing values in column: home_ownership
[2026-05-31T08:41:18.753+0000] {logging_mixin.py:190} INFO - [INFO] Treating missing values in column: annual_income
[2026-05-31T08:41:18.765+0000] {logging_mixin.py:190} INFO - [INFO] Treating missing values in column: years_in_current_job
[2026-05-31T08:41:18.788+0000] {logging_mixin.py:190} INFO - [INFO] Treating missing values in column: months_since_last_delinquent
[2026-05-31T08:41:18.798+0000] {logging_mixin.py:190} INFO - [INFO] Treating missing values in column: no_of_cars
[2026-05-31T08:41:18.812+0000] {logging_mixin.py:190} INFO - [INFO] Treating missing values in column: no_of_children
[2026-05-31T08:41:18.826+0000] {logging_mixin.py:190} INFO - [INFO] Treating missing values in column: credit_score
[2026-05-31T08:41:18.839+0000] {logging_mixin.py:190} INFO - [INFO] Treating missing values in column: monthly_debt
[2026-05-31T08:41:18.853+0000] {logging_mixin.py:190} INFO - [INFO] Treating missing values in column: years_of_credit_history
[2026-05-31T08:41:18.867+0000] {logging_mixin.py:190} INFO - [INFO] Treating missing values in column: no_of_open_accounts
[2026-05-31T08:41:18.882+0000] {logging_mixin.py:190} INFO - [INFO] Treating missing values in column: no_of_credit_problems
[2026-05-31T08:41:18.897+0000] {logging_mixin.py:190} INFO - [INFO] Treating missing values in column: current_credit_balance
[2026-05-31T08:41:18.911+0000] {logging_mixin.py:190} INFO - [INFO] Treating missing values in column: max_open_credit
[2026-05-31T08:41:18.943+0000] {logging_mixin.py:190} INFO - [INFO] Treating missing values in column: bankruptcies
[2026-05-31T08:41:18.972+0000] {logging_mixin.py:190} INFO - [INFO] Treating missing values in column: application_date
[2026-05-31T08:41:19.017+0000] {logging_mixin.py:190} INFO - [INFO] Treating missing values in column: application_year
[2026-05-31T08:41:19.070+0000] {logging_mixin.py:190} INFO - [INFO] Treating missing values in column: application_month
[2026-05-31T08:41:19.092+0000] {logging_mixin.py:190} INFO - [INFO] Treating missing values in column: application_week
[2026-05-31T08:41:19.115+0000] {logging_mixin.py:190} INFO - [INFO] Treating missing values in column: application_day
[2026-05-31T08:41:19.137+0000] {logging_mixin.py:190} INFO - [INFO] Treating missing values in column: application_season
[2026-05-31T08:41:19.159+0000] {logging_mixin.py:190} INFO - [INFO] Treating missing values in column: current_credit_balance_ratio
[2026-05-31T08:41:19.183+0000] {logging_mixin.py:190} INFO - [INFO] Model saved as pickle file: /opt/***/ml_pipeline_models/5c89ab3ed9d64210881ec20a79a17555_missing_values_model.pkl
[2026-05-31T08:41:21.252+0000] {logging_mixin.py:190} INFO - [INFO] Dataset saved to /opt/***/ml_pipeline_data/preprocessed/5c89ab3ed9d64210881ec20a79a17555_training.csv
[2026-05-31T08:41:21.886+0000] {logging_mixin.py:190} INFO - [INFO] Converting purpose to int using method: weighted ranking
[2026-05-31T08:41:21.887+0000] {logging_mixin.py:190} INFO - [INFO] No model for purpose-to-int conversion provided. Training a new model first...
[2026-05-31T08:41:21.891+0000] {logging_mixin.py:190} INFO - [INFO] Model saved as json file: /opt/***/ml_pipeline_models/5c89ab3ed9d64210881ec20a79a17555_purpose_to_int_model.json
[2026-05-31T08:41:22.373+0000] {logging_mixin.py:190} INFO - [INFO] Dataset saved to /opt/***/ml_pipeline_data/preprocessed/5c89ab3ed9d64210881ec20a79a17555_inference.csv
[2026-05-31T08:41:22.406+0000] {logging_mixin.py:190} INFO - [INFO] Job 5c89ab3ed9d64210881ec20a79a17555 logged as training::preprocess::pass::
[2026-05-31T08:41:22.411+0000] {python.py:240} INFO - Done. Returned value was: None
[2026-05-31T08:41:22.419+0000] {taskinstance.py:340} INFO - ::group::Post task execution logs
[2026-05-31T08:41:22.420+0000] {taskinstance.py:352} INFO - Marking task as SUCCESS. dag_id=ml_pipeline_monitoring, task_id=_ml_pipeline_monitoring__preprocess_, run_id=manual__2026-05-31T08:40:14.005420+00:00, execution_date=20260531T084014, start_date=20260531T084116, end_date=20260531T084122
[2026-05-31T08:41:22.471+0000] {local_task_job_runner.py:266} INFO - Task exited with return code 0
[2026-05-31T08:41:22.490+0000] {taskinstance.py:3895} INFO - 1 downstream tasks scheduled from follow-on schedule check
[2026-05-31T08:41:22.492+0000] {local_task_job_runner.py:245} INFO - ::endgroup::
