[2026-05-20T10:21:37.306+0000] {local_task_job_runner.py:123} INFO - ::group::Pre task execution logs
[2026-05-20T10:21:37.318+0000] {taskinstance.py:2613} INFO - Dependencies all met for dep_context=non-requeueable deps ti=<TaskInstance: product_processing.create_table manual__2026-05-20T10:21:31.894994+00:00 [queued]>
[2026-05-20T10:21:37.323+0000] {taskinstance.py:2613} INFO - Dependencies all met for dep_context=requeueable deps ti=<TaskInstance: product_processing.create_table manual__2026-05-20T10:21:31.894994+00:00 [queued]>
[2026-05-20T10:21:37.323+0000] {taskinstance.py:2866} INFO - Starting attempt 1 of 1
[2026-05-20T10:21:37.456+0000] {taskinstance.py:2889} INFO - Executing <Task(SQLExecuteQueryOperator): create_table> on 2026-05-20 10:21:31.894994+00:00
[2026-05-20T10:21:37.463+0000] {standard_task_runner.py:72} INFO - Started process 2233 to run task
[2026-05-20T10:21:37.471+0000] {standard_task_runner.py:104} INFO - Running: ['***', 'tasks', 'run', 'product_processing', 'create_table', 'manual__2026-05-20T10:21:31.894994+00:00', '--job-id', '81', '--raw', '--subdir', 'DAGS_FOLDER/product_processing.py', '--cfg-path', '/tmp/tmpe91n6eht']
[2026-05-20T10:21:37.474+0000] {standard_task_runner.py:105} INFO - Job 81: Subtask create_table
[2026-05-20T10:21:37.526+0000] {task_command.py:467} INFO - Running <TaskInstance: product_processing.create_table manual__2026-05-20T10:21:31.894994+00:00 [running]> on host 7a0bb4c18cb4
[2026-05-20T10:21:37.610+0000] {taskinstance.py:3132} INFO - Exporting env vars: AIRFLOW_CTX_DAG_OWNER='***' AIRFLOW_CTX_DAG_ID='product_processing' AIRFLOW_CTX_TASK_ID='create_table' AIRFLOW_CTX_EXECUTION_DATE='2026-05-20T10:21:31.894994+00:00' AIRFLOW_CTX_TRY_NUMBER='1' AIRFLOW_CTX_DAG_RUN_ID='manual__2026-05-20T10:21:31.894994+00:00'
[2026-05-20T10:21:37.610+0000] {taskinstance.py:731} INFO - ::endgroup::
[2026-05-20T10:21:37.626+0000] {sql.py:278} INFO - Executing: 
        CREATE TABLE IF NOT EXISTS products (
            id BIGINT NOT NULL,
            title TEXT NOT NULL,
            description TEXT NOT NULL,
            category TEXT NOT NULL,
            price DECIMAL(10, 2) NOT NULL,
            discountPercentage DECIMAL(5, 2) NOT NULL,
            rating DECIMAL(3, 2) NOT NULL
        );
        
[2026-05-20T10:21:37.634+0000] {base.py:84} INFO - Retrieving connection 'postgres'
[2026-05-20T10:21:37.642+0000] {base.py:84} INFO - Retrieving connection 'postgres'
[2026-05-20T10:21:37.647+0000] {sql.py:553} INFO - Running statement: 
        CREATE TABLE IF NOT EXISTS products (
            id BIGINT NOT NULL,
            title TEXT NOT NULL,
            description TEXT NOT NULL,
            category TEXT NOT NULL,
            price DECIMAL(10, 2) NOT NULL,
            discountPercentage DECIMAL(5, 2) NOT NULL,
            rating DECIMAL(3, 2) NOT NULL
        );
        , parameters: None
[2026-05-20T10:21:37.665+0000] {taskinstance.py:340} INFO - ::group::Post task execution logs
[2026-05-20T10:21:37.666+0000] {taskinstance.py:352} INFO - Marking task as SUCCESS. dag_id=product_processing, task_id=create_table, run_id=manual__2026-05-20T10:21:31.894994+00:00, execution_date=20260520T102131, start_date=20260520T102137, end_date=20260520T102137
[2026-05-20T10:21:37.722+0000] {local_task_job_runner.py:266} INFO - Task exited with return code 0
[2026-05-20T10:21:37.738+0000] {taskinstance.py:3895} INFO - 1 downstream tasks scheduled from follow-on schedule check
[2026-05-20T10:21:37.742+0000] {local_task_job_runner.py:245} INFO - ::endgroup::
