[2026-05-31T09:02:31.401+0000] {local_task_job_runner.py:123} INFO - ::group::Pre task execution logs
[2026-05-31T09:02:31.415+0000] {taskinstance.py:2613} INFO - Dependencies all met for dep_context=non-requeueable deps ti=<TaskInstance: ml_pipeline_monitoring._ml_pipeline_monitoring__get_data_ manual__2026-05-31T09:02:23.157674+00:00 [queued]>
[2026-05-31T09:02:31.422+0000] {taskinstance.py:2613} INFO - Dependencies all met for dep_context=requeueable deps ti=<TaskInstance: ml_pipeline_monitoring._ml_pipeline_monitoring__get_data_ manual__2026-05-31T09:02:23.157674+00:00 [queued]>
[2026-05-31T09:02:31.423+0000] {taskinstance.py:2866} INFO - Starting attempt 1 of 1
[2026-05-31T09:02:31.478+0000] {taskinstance.py:2889} INFO - Executing <Task(PythonOperator): _ml_pipeline_monitoring__get_data_> on 2026-05-31 09:02:23.157674+00:00
[2026-05-31T09:02:31.519+0000] {standard_task_runner.py:72} INFO - Started process 4232 to run task
[2026-05-31T09:02:31.546+0000] {standard_task_runner.py:104} INFO - Running: ['***', 'tasks', 'run', 'ml_pipeline_monitoring', '_ml_pipeline_monitoring__get_data_', 'manual__2026-05-31T09:02:23.157674+00:00', '--job-id', '331', '--raw', '--subdir', 'DAGS_FOLDER/ml_pipeline_monitoring/dag_pipeline.py', '--cfg-path', '/tmp/tmpauh58yhm']
[2026-05-31T09:02:31.553+0000] {standard_task_runner.py:105} INFO - Job 331: Subtask _ml_pipeline_monitoring__get_data_
[2026-05-31T09:02:31.628+0000] {task_command.py:467} INFO - Running <TaskInstance: ml_pipeline_monitoring._ml_pipeline_monitoring__get_data_ manual__2026-05-31T09:02:23.157674+00:00 [running]> on host ea8dc20c3f47
[2026-05-31T09:02:31.723+0000] {taskinstance.py:3132} INFO - Exporting env vars: AIRFLOW_CTX_DAG_OWNER='***' AIRFLOW_CTX_DAG_ID='ml_pipeline_monitoring' AIRFLOW_CTX_TASK_ID='_ml_pipeline_monitoring__get_data_' AIRFLOW_CTX_EXECUTION_DATE='2026-05-31T09:02:23.157674+00:00' AIRFLOW_CTX_TRY_NUMBER='1' AIRFLOW_CTX_DAG_RUN_ID='manual__2026-05-31T09:02:23.157674+00:00'
[2026-05-31T09:02:31.727+0000] {taskinstance.py:731} INFO - ::endgroup::
[2026-05-31T09:02:31.789+0000] {logging_mixin.py:190} INFO - [INFO] Table testdb.mljob ready!
[2026-05-31T09:02:31.794+0000] {logging_mixin.py:190} INFO - [INFO] Job f226ff6147444142a9b9175e96c710c1 logged as training::etl::started::
[2026-05-31T09:02:31.795+0000] {logging_mixin.py:190} INFO - [INFO] Extracting data from the database since 2015-06-01 to 2026-05-31 ...
[2026-05-31T09:02:35.732+0000] {logging_mixin.py:190} INFO - [INFO] Dataset saved to /opt/***/ml_pipeline_data/raw/f226ff6147444142a9b9175e96c710c1_2015-06-01_2026-05-31.csv
[2026-05-31T09:02:35.764+0000] {logging_mixin.py:190} INFO - [INFO] Job f226ff6147444142a9b9175e96c710c1 logged as training::etl::pass::
[2026-05-31T09:02:35.765+0000] {python.py:240} INFO - Done. Returned value was: None
[2026-05-31T09:02:35.781+0000] {taskinstance.py:340} INFO - ::group::Post task execution logs
[2026-05-31T09:02:35.781+0000] {taskinstance.py:352} INFO - Marking task as SUCCESS. dag_id=ml_pipeline_monitoring, task_id=_ml_pipeline_monitoring__get_data_, run_id=manual__2026-05-31T09:02:23.157674+00:00, execution_date=20260531T090223, start_date=20260531T090231, end_date=20260531T090235
[2026-05-31T09:02:35.847+0000] {local_task_job_runner.py:266} INFO - Task exited with return code 0
[2026-05-31T09:02:35.888+0000] {taskinstance.py:3895} INFO - 0 downstream tasks scheduled from follow-on schedule check
[2026-05-31T09:02:35.891+0000] {local_task_job_runner.py:245} INFO - ::endgroup::
