[2026-05-31T09:03:12.901+0000] {local_task_job_runner.py:123} INFO - ::group::Pre task execution logs
[2026-05-31T09:03:12.920+0000] {taskinstance.py:2613} INFO - Dependencies all met for dep_context=non-requeueable deps ti=<TaskInstance: ml_pipeline_monitoring._ml_pipeline_monitoring__preprocess_ manual__2026-05-31T09:02:23.157674+00:00 [queued]>
[2026-05-31T09:03:12.930+0000] {taskinstance.py:2613} INFO - Dependencies all met for dep_context=requeueable deps ti=<TaskInstance: ml_pipeline_monitoring._ml_pipeline_monitoring__preprocess_ manual__2026-05-31T09:02:23.157674+00:00 [queued]>
[2026-05-31T09:03:12.930+0000] {taskinstance.py:2866} INFO - Starting attempt 1 of 1
[2026-05-31T09:03:12.940+0000] {taskinstance.py:2889} INFO - Executing <Task(PythonOperator): _ml_pipeline_monitoring__preprocess_> on 2026-05-31 09:02:23.157674+00:00
[2026-05-31T09:03:12.957+0000] {standard_task_runner.py:72} INFO - Started process 4277 to run task
[2026-05-31T09:03:12.962+0000] {standard_task_runner.py:104} INFO - Running: ['***', 'tasks', 'run', 'ml_pipeline_monitoring', '_ml_pipeline_monitoring__preprocess_', 'manual__2026-05-31T09:02:23.157674+00:00', '--job-id', '334', '--raw', '--subdir', 'DAGS_FOLDER/ml_pipeline_monitoring/dag_pipeline.py', '--cfg-path', '/tmp/tmpb_54em7n']
[2026-05-31T09:03:12.966+0000] {standard_task_runner.py:105} INFO - Job 334: Subtask _ml_pipeline_monitoring__preprocess_
[2026-05-31T09:03:13.010+0000] {task_command.py:467} INFO - Running <TaskInstance: ml_pipeline_monitoring._ml_pipeline_monitoring__preprocess_ manual__2026-05-31T09:02:23.157674+00:00 [running]> on host ea8dc20c3f47
[2026-05-31T09:03:13.085+0000] {taskinstance.py:3132} INFO - Exporting env vars: AIRFLOW_CTX_DAG_OWNER='***' AIRFLOW_CTX_DAG_ID='ml_pipeline_monitoring' AIRFLOW_CTX_TASK_ID='_ml_pipeline_monitoring__preprocess_' AIRFLOW_CTX_EXECUTION_DATE='2026-05-31T09:02:23.157674+00:00' AIRFLOW_CTX_TRY_NUMBER='1' AIRFLOW_CTX_DAG_RUN_ID='manual__2026-05-31T09:02:23.157674+00:00'
[2026-05-31T09:03:13.087+0000] {taskinstance.py:731} INFO - ::endgroup::
[2026-05-31T09:03:13.129+0000] {logging_mixin.py:190} INFO - [INFO] Table testdb.mljob ready!
[2026-05-31T09:03:13.132+0000] {logging_mixin.py:190} INFO - [INFO] Job f226ff6147444142a9b9175e96c710c1 logged as training::preprocess::started::
[2026-05-31T09:03:13.340+0000] {warnings.py:110} WARNING - /opt/***/dags/ml_pipeline_monitoring/src/helpers.py:113: DtypeWarning: Columns (16,21) have mixed types. Specify dtype option on import or set low_memory=False.
  return pd.read_csv(path)

[2026-05-31T09:03:14.539+0000] {logging_mixin.py:190} INFO - [INFO] Converting purpose to int using method: weighted ranking
[2026-05-31T09:03:14.539+0000] {logging_mixin.py:190} INFO - [INFO] No model for purpose-to-int conversion provided. Training a new model first...
[2026-05-31T09:03:14.543+0000] {logging_mixin.py:190} INFO - [INFO] Model saved as json file: /opt/***/ml_pipeline_models/f226ff6147444142a9b9175e96c710c1_purpose_to_int_model.json
[2026-05-31T09:03:14.549+0000] {logging_mixin.py:190} INFO - [INFO] Treating missing values in column: loan_id
[2026-05-31T09:03:14.550+0000] {logging_mixin.py:190} INFO - [INFO] Treating missing values in column: customer_id
[2026-05-31T09:03:14.550+0000] {logging_mixin.py:190} INFO - [INFO] Treating missing values in column: loan_status
[2026-05-31T09:03:14.550+0000] {logging_mixin.py:190} INFO - [INFO] Treating missing values in column: application_time
[2026-05-31T09:03:14.565+0000] {logging_mixin.py:190} INFO - [INFO] Treating missing values in column: current_loan_amount
[2026-05-31T09:03:14.573+0000] {logging_mixin.py:190} INFO - [INFO] Treating missing values in column: term
[2026-05-31T09:03:14.583+0000] {logging_mixin.py:190} INFO - [INFO] Treating missing values in column: tax_liens
[2026-05-31T09:03:14.590+0000] {logging_mixin.py:190} INFO - [INFO] Treating missing values in column: purpose
[2026-05-31T09:03:14.599+0000] {logging_mixin.py:190} INFO - [INFO] Treating missing values in column: no_of_properties
[2026-05-31T09:03:14.607+0000] {logging_mixin.py:190} INFO - [INFO] Treating missing values in column: home_ownership
[2026-05-31T09:03:14.614+0000] {logging_mixin.py:190} INFO - [INFO] Treating missing values in column: annual_income
[2026-05-31T09:03:14.619+0000] {logging_mixin.py:190} INFO - [INFO] Treating missing values in column: years_in_current_job
[2026-05-31T09:03:14.629+0000] {logging_mixin.py:190} INFO - [INFO] Treating missing values in column: months_since_last_delinquent
[2026-05-31T09:03:14.633+0000] {logging_mixin.py:190} INFO - [INFO] Treating missing values in column: no_of_cars
[2026-05-31T09:03:14.638+0000] {logging_mixin.py:190} INFO - [INFO] Treating missing values in column: no_of_children
[2026-05-31T09:03:14.644+0000] {logging_mixin.py:190} INFO - [INFO] Treating missing values in column: credit_score
[2026-05-31T09:03:14.648+0000] {logging_mixin.py:190} INFO - [INFO] Treating missing values in column: monthly_debt
[2026-05-31T09:03:14.654+0000] {logging_mixin.py:190} INFO - [INFO] Treating missing values in column: years_of_credit_history
[2026-05-31T09:03:14.660+0000] {logging_mixin.py:190} INFO - [INFO] Treating missing values in column: no_of_open_accounts
[2026-05-31T09:03:14.665+0000] {logging_mixin.py:190} INFO - [INFO] Treating missing values in column: no_of_credit_problems
[2026-05-31T09:03:14.671+0000] {logging_mixin.py:190} INFO - [INFO] Treating missing values in column: current_credit_balance
[2026-05-31T09:03:14.677+0000] {logging_mixin.py:190} INFO - [INFO] Treating missing values in column: max_open_credit
[2026-05-31T09:03:14.683+0000] {logging_mixin.py:190} INFO - [INFO] Treating missing values in column: bankruptcies
[2026-05-31T09:03:14.688+0000] {logging_mixin.py:190} INFO - [INFO] Treating missing values in column: application_date
[2026-05-31T09:03:14.702+0000] {logging_mixin.py:190} INFO - [INFO] Treating missing values in column: application_year
[2026-05-31T09:03:14.712+0000] {logging_mixin.py:190} INFO - [INFO] Treating missing values in column: application_month
[2026-05-31T09:03:14.721+0000] {logging_mixin.py:190} INFO - [INFO] Treating missing values in column: application_week
[2026-05-31T09:03:14.730+0000] {logging_mixin.py:190} INFO - [INFO] Treating missing values in column: application_day
[2026-05-31T09:03:14.739+0000] {logging_mixin.py:190} INFO - [INFO] Treating missing values in column: application_season
[2026-05-31T09:03:14.749+0000] {logging_mixin.py:190} INFO - [INFO] Treating missing values in column: current_credit_balance_ratio
[2026-05-31T09:03:14.758+0000] {logging_mixin.py:190} INFO - [INFO] Model saved as pickle file: /opt/***/ml_pipeline_models/f226ff6147444142a9b9175e96c710c1_missing_values_model.pkl
[2026-05-31T09:03:15.501+0000] {logging_mixin.py:190} INFO - [INFO] Dataset saved to /opt/***/ml_pipeline_data/preprocessed/f226ff6147444142a9b9175e96c710c1_training.csv
[2026-05-31T09:03:16.183+0000] {logging_mixin.py:190} INFO - [INFO] Converting purpose to int using method: weighted ranking
[2026-05-31T09:03:16.184+0000] {logging_mixin.py:190} INFO - [INFO] No model for purpose-to-int conversion provided. Training a new model first...
[2026-05-31T09:03:16.186+0000] {logging_mixin.py:190} INFO - [INFO] Model saved as json file: /opt/***/ml_pipeline_models/f226ff6147444142a9b9175e96c710c1_purpose_to_int_model.json
[2026-05-31T09:03:16.617+0000] {logging_mixin.py:190} INFO - [INFO] Dataset saved to /opt/***/ml_pipeline_data/preprocessed/f226ff6147444142a9b9175e96c710c1_inference.csv
[2026-05-31T09:03:16.659+0000] {logging_mixin.py:190} INFO - [INFO] Job f226ff6147444142a9b9175e96c710c1 logged as training::preprocess::pass::
[2026-05-31T09:03:16.665+0000] {python.py:240} INFO - Done. Returned value was: None
[2026-05-31T09:03:16.682+0000] {taskinstance.py:340} INFO - ::group::Post task execution logs
[2026-05-31T09:03:16.682+0000] {taskinstance.py:352} INFO - Marking task as SUCCESS. dag_id=ml_pipeline_monitoring, task_id=_ml_pipeline_monitoring__preprocess_, run_id=manual__2026-05-31T09:02:23.157674+00:00, execution_date=20260531T090223, start_date=20260531T090312, end_date=20260531T090316
[2026-05-31T09:03:16.749+0000] {local_task_job_runner.py:266} INFO - Task exited with return code 0
[2026-05-31T09:03:16.769+0000] {taskinstance.py:3895} INFO - 1 downstream tasks scheduled from follow-on schedule check
[2026-05-31T09:03:16.772+0000] {local_task_job_runner.py:245} INFO - ::endgroup::
