[2026-05-31T12:02:37.541+0000] {local_task_job_runner.py:123} INFO - ::group::Pre task execution logs
[2026-05-31T12:02:37.557+0000] {taskinstance.py:2613} INFO - Dependencies all met for dep_context=non-requeueable deps ti=<TaskInstance: ml_pipeline_monitoring._ml_pipeline_monitoring__train_ manual__2026-05-31T09:02:23.157674+00:00 [queued]>
[2026-05-31T12:02:37.563+0000] {taskinstance.py:2613} INFO - Dependencies all met for dep_context=requeueable deps ti=<TaskInstance: ml_pipeline_monitoring._ml_pipeline_monitoring__train_ manual__2026-05-31T09:02:23.157674+00:00 [queued]>
[2026-05-31T12:02:37.564+0000] {taskinstance.py:2866} INFO - Starting attempt 1 of 1
[2026-05-31T12:02:37.584+0000] {taskinstance.py:2889} INFO - Executing <Task(PythonOperator): _ml_pipeline_monitoring__train_> on 2026-05-31 09:02:23.157674+00:00
[2026-05-31T12:02:37.606+0000] {standard_task_runner.py:72} INFO - Started process 720 to run task
[2026-05-31T12:02:37.616+0000] {standard_task_runner.py:104} INFO - Running: ['***', 'tasks', 'run', 'ml_pipeline_monitoring', '_ml_pipeline_monitoring__train_', 'manual__2026-05-31T09:02:23.157674+00:00', '--job-id', '339', '--raw', '--subdir', 'DAGS_FOLDER/ml_pipeline_monitoring/dag_pipeline.py', '--cfg-path', '/tmp/tmpo_pfzzta']
[2026-05-31T12:02:37.624+0000] {standard_task_runner.py:105} INFO - Job 339: Subtask _ml_pipeline_monitoring__train_
[2026-05-31T12:02:37.687+0000] {task_command.py:467} INFO - Running <TaskInstance: ml_pipeline_monitoring._ml_pipeline_monitoring__train_ manual__2026-05-31T09:02:23.157674+00:00 [running]> on host c3e2d0786b32
[2026-05-31T12:02:37.973+0000] {taskinstance.py:3132} INFO - Exporting env vars: AIRFLOW_CTX_DAG_OWNER='***' AIRFLOW_CTX_DAG_ID='ml_pipeline_monitoring' AIRFLOW_CTX_TASK_ID='_ml_pipeline_monitoring__train_' AIRFLOW_CTX_EXECUTION_DATE='2026-05-31T09:02:23.157674+00:00' AIRFLOW_CTX_TRY_NUMBER='1' AIRFLOW_CTX_DAG_RUN_ID='manual__2026-05-31T09:02:23.157674+00:00'
[2026-05-31T12:02:37.974+0000] {taskinstance.py:731} INFO - ::endgroup::
[2026-05-31T12:02:38.005+0000] {logging_mixin.py:190} INFO - [INFO] Table testdb.mljob ready!
[2026-05-31T12:02:38.009+0000] {logging_mixin.py:190} INFO - [INFO] Job f226ff6147444142a9b9175e96c710c1 logged as training::training::started::
[2026-05-31T12:02:38.308+0000] {logging_mixin.py:190} INFO - [INFO] Training model: rf
[2026-05-31T12:02:44.616+0000] {logging_mixin.py:190} INFO - [INFO] Training model: gb
[2026-05-31T12:03:29.262+0000] {logging_mixin.py:190} INFO - [INFO] Model saved as pickle file: /opt/***/ml_pipeline_models/f226ff6147444142a9b9175e96c710c1_rf.pkl
[2026-05-31T12:03:29.263+0000] {logging_mixin.py:190} INFO - [INFO] Model saved as json file: /opt/***/ml_pipeline_models/f226ff6147444142a9b9175e96c710c1_train_report.json
[2026-05-31T12:03:29.268+0000] {logging_mixin.py:190} INFO - [INFO] Job f226ff6147444142a9b9175e96c710c1 logged as training::training::pass::
[2026-05-31T12:03:29.268+0000] {python.py:240} INFO - Done. Returned value was: None
[2026-05-31T12:03:29.278+0000] {taskinstance.py:340} INFO - ::group::Post task execution logs
[2026-05-31T12:03:29.279+0000] {taskinstance.py:352} INFO - Marking task as SUCCESS. dag_id=ml_pipeline_monitoring, task_id=_ml_pipeline_monitoring__train_, run_id=manual__2026-05-31T09:02:23.157674+00:00, execution_date=20260531T090223, start_date=20260531T120237, end_date=20260531T120329
[2026-05-31T12:03:29.347+0000] {local_task_job_runner.py:266} INFO - Task exited with return code 0
[2026-05-31T12:03:29.366+0000] {taskinstance.py:3895} INFO - 0 downstream tasks scheduled from follow-on schedule check
[2026-05-31T12:03:29.371+0000] {local_task_job_runner.py:245} INFO - ::endgroup::
