[2026-05-30T17:10:07.628+0000] {local_task_job_runner.py:123} INFO - ::group::Pre task execution logs
[2026-05-30T17:10:07.642+0000] {taskinstance.py:2613} INFO - Dependencies all met for dep_context=non-requeueable deps ti=<TaskInstance: user_processing.create_table manual__2026-05-30T17:09:51.956032+00:00 [queued]>
[2026-05-30T17:10:07.648+0000] {taskinstance.py:2613} INFO - Dependencies all met for dep_context=requeueable deps ti=<TaskInstance: user_processing.create_table manual__2026-05-30T17:09:51.956032+00:00 [queued]>
[2026-05-30T17:10:07.648+0000] {taskinstance.py:2866} INFO - Starting attempt 1 of 1
[2026-05-30T17:10:07.659+0000] {taskinstance.py:2889} INFO - Executing <Task(SQLExecuteQueryOperator): create_table> on 2026-05-30 17:09:51.956032+00:00
[2026-05-30T17:10:07.667+0000] {standard_task_runner.py:72} INFO - Started process 281 to run task
[2026-05-30T17:10:07.671+0000] {standard_task_runner.py:104} INFO - Running: ['***', 'tasks', 'run', 'user_processing', 'create_table', 'manual__2026-05-30T17:09:51.956032+00:00', '--job-id', '294', '--raw', '--subdir', 'DAGS_FOLDER/user_processing.py', '--cfg-path', '/tmp/tmpj9nbwcx6']
[2026-05-30T17:10:07.673+0000] {standard_task_runner.py:105} INFO - Job 294: Subtask create_table
[2026-05-30T17:10:07.705+0000] {task_command.py:467} INFO - Running <TaskInstance: user_processing.create_table manual__2026-05-30T17:09:51.956032+00:00 [running]> on host ea8dc20c3f47
[2026-05-30T17:10:07.772+0000] {taskinstance.py:3132} INFO - Exporting env vars: AIRFLOW_CTX_DAG_OWNER='***' AIRFLOW_CTX_DAG_ID='user_processing' AIRFLOW_CTX_TASK_ID='create_table' AIRFLOW_CTX_EXECUTION_DATE='2026-05-30T17:09:51.956032+00:00' AIRFLOW_CTX_TRY_NUMBER='1' AIRFLOW_CTX_DAG_RUN_ID='manual__2026-05-30T17:09:51.956032+00:00'
[2026-05-30T17:10:07.774+0000] {taskinstance.py:731} INFO - ::endgroup::
[2026-05-30T17:10:07.776+0000] {sql.py:278} INFO - Executing: 
        DROP TABLE IF EXISTS users;
        CREATE TABLE IF NOT EXISTS users (
            id BIGINT NOT NULL,
            firstname TEXT NOT NULL,
            lastname TEXT NOT NULL,
            country TEXT NOT NULL,
            username TEXT NOT NULL,
            password TEXT NOT NULL,
            email TEXT NOT NULL,
            age INTEGER NOT NULL,
            gender TEXT NOT NULL
        );
        
[2026-05-30T17:10:07.777+0000] {crypto.py:82} WARNING - empty cryptography key - values will not be stored encrypted.
[2026-05-30T17:10:07.777+0000] {base.py:84} INFO - Retrieving connection 'postgres'
[2026-05-30T17:10:07.779+0000] {base.py:84} INFO - Retrieving connection 'postgres'
[2026-05-30T17:10:07.782+0000] {sql.py:553} INFO - Running statement: 
        DROP TABLE IF EXISTS users;
        CREATE TABLE IF NOT EXISTS users (
            id BIGINT NOT NULL,
            firstname TEXT NOT NULL,
            lastname TEXT NOT NULL,
            country TEXT NOT NULL,
            username TEXT NOT NULL,
            password TEXT NOT NULL,
            email TEXT NOT NULL,
            age INTEGER NOT NULL,
            gender TEXT NOT NULL
        );
        , parameters: None
[2026-05-30T17:10:07.796+0000] {taskinstance.py:340} INFO - ::group::Post task execution logs
[2026-05-30T17:10:07.796+0000] {taskinstance.py:352} INFO - Marking task as SUCCESS. dag_id=user_processing, task_id=create_table, run_id=manual__2026-05-30T17:09:51.956032+00:00, execution_date=20260530T170951, start_date=20260530T171007, end_date=20260530T171007
[2026-05-30T17:10:07.846+0000] {local_task_job_runner.py:266} INFO - Task exited with return code 0
[2026-05-30T17:10:07.902+0000] {taskinstance.py:3895} INFO - 5 downstream tasks scheduled from follow-on schedule check
[2026-05-30T17:10:07.908+0000] {local_task_job_runner.py:245} INFO - ::endgroup::
