[2026-05-21T09:23:13.551+0000] {local_task_job_runner.py:123} INFO - ::group::Pre task execution logs
[2026-05-21T09:23:13.565+0000] {taskinstance.py:2613} INFO - Dependencies all met for dep_context=non-requeueable deps ti=<TaskInstance: user_reporting.create_report dataset_triggered__2026-05-21T09:23:12.640616+00:00 [queued]>
[2026-05-21T09:23:13.570+0000] {taskinstance.py:2613} INFO - Dependencies all met for dep_context=requeueable deps ti=<TaskInstance: user_reporting.create_report dataset_triggered__2026-05-21T09:23:12.640616+00:00 [queued]>
[2026-05-21T09:23:13.571+0000] {taskinstance.py:2866} INFO - Starting attempt 1 of 1
[2026-05-21T09:23:13.586+0000] {taskinstance.py:2889} INFO - Executing <Task(SQLExecuteQueryOperator): create_report> on 2026-05-21 09:23:12.640616+00:00
[2026-05-21T09:23:13.596+0000] {standard_task_runner.py:72} INFO - Started process 5963 to run task
[2026-05-21T09:23:13.600+0000] {standard_task_runner.py:104} INFO - Running: ['***', 'tasks', 'run', 'user_reporting', 'create_report', 'dataset_triggered__2026-05-21T09:23:12.640616+00:00', '--job-id', '132', '--raw', '--subdir', 'DAGS_FOLDER/user_reporting.py', '--cfg-path', '/tmp/tmpktjvtccl']
[2026-05-21T09:23:13.603+0000] {standard_task_runner.py:105} INFO - Job 132: Subtask create_report
[2026-05-21T09:23:13.641+0000] {task_command.py:467} INFO - Running <TaskInstance: user_reporting.create_report dataset_triggered__2026-05-21T09:23:12.640616+00:00 [running]> on host 7a0bb4c18cb4
[2026-05-21T09:23:13.705+0000] {taskinstance.py:3132} INFO - Exporting env vars: AIRFLOW_CTX_DAG_OWNER='***' AIRFLOW_CTX_DAG_ID='user_reporting' AIRFLOW_CTX_TASK_ID='create_report' AIRFLOW_CTX_EXECUTION_DATE='2026-05-21T09:23:12.640616+00:00' AIRFLOW_CTX_TRY_NUMBER='1' AIRFLOW_CTX_DAG_RUN_ID='dataset_triggered__2026-05-21T09:23:12.640616+00:00'
[2026-05-21T09:23:13.707+0000] {taskinstance.py:731} INFO - ::endgroup::
[2026-05-21T09:23:13.717+0000] {sql.py:278} INFO - Executing: 
        DROP TABLE IF EXISTS user_reports;
        CREATE TABLE IF NOT EXISTS user_reports AS
        SELECT gender, COUNT(*) AS num_users
        FROM users
        GROUP BY gender;
        
[2026-05-21T09:23:13.724+0000] {base.py:84} INFO - Retrieving connection 'postgres'
[2026-05-21T09:23:13.733+0000] {base.py:84} INFO - Retrieving connection 'postgres'
[2026-05-21T09:23:13.736+0000] {sql.py:553} INFO - Running statement: 
        DROP TABLE IF EXISTS user_reports;
        CREATE TABLE IF NOT EXISTS user_reports AS
        SELECT gender, COUNT(*) AS num_users
        FROM users
        GROUP BY gender;
        , parameters: None
[2026-05-21T09:23:13.741+0000] {sql.py:562} INFO - Rows affected: 2
[2026-05-21T09:23:13.752+0000] {taskinstance.py:340} INFO - ::group::Post task execution logs
[2026-05-21T09:23:13.752+0000] {taskinstance.py:352} INFO - Marking task as SUCCESS. dag_id=user_reporting, task_id=create_report, run_id=dataset_triggered__2026-05-21T09:23:12.640616+00:00, execution_date=20260521T092312, start_date=20260521T092313, end_date=20260521T092313
[2026-05-21T09:23:13.774+0000] {local_task_job_runner.py:266} INFO - Task exited with return code 0
[2026-05-21T09:23:13.787+0000] {taskinstance.py:3895} INFO - 0 downstream tasks scheduled from follow-on schedule check
[2026-05-21T09:23:13.789+0000] {local_task_job_runner.py:245} INFO - ::endgroup::
