[2026-05-30T17:37:40.462+0000] {local_task_job_runner.py:123} INFO - ::group::Pre task execution logs
[2026-05-30T17:37:40.476+0000] {taskinstance.py:2613} INFO - Dependencies all met for dep_context=non-requeueable deps ti=<TaskInstance: ml_pipeline_monitoring._ml_pipeline_monitoring__check_data_quality_ manual__2026-05-30T17:37:27.278537+00:00 [queued]>
[2026-05-30T17:37:40.482+0000] {taskinstance.py:2613} INFO - Dependencies all met for dep_context=requeueable deps ti=<TaskInstance: ml_pipeline_monitoring._ml_pipeline_monitoring__check_data_quality_ manual__2026-05-30T17:37:27.278537+00:00 [queued]>
[2026-05-30T17:37:40.482+0000] {taskinstance.py:2866} INFO - Starting attempt 1 of 1
[2026-05-30T17:37:40.494+0000] {taskinstance.py:2889} INFO - Executing <Task(BranchPythonOperator): _ml_pipeline_monitoring__check_data_quality_> on 2026-05-30 17:37:27.278537+00:00
[2026-05-30T17:37:40.509+0000] {standard_task_runner.py:72} INFO - Started process 701 to run task
[2026-05-30T17:37:40.514+0000] {standard_task_runner.py:104} INFO - Running: ['***', 'tasks', 'run', 'ml_pipeline_monitoring', '_ml_pipeline_monitoring__check_data_quality_', 'manual__2026-05-30T17:37:27.278537+00:00', '--job-id', '305', '--raw', '--subdir', 'DAGS_FOLDER/ml_pipeline_monitoring/dag_pipeline.py', '--cfg-path', '/tmp/tmptira3ixl']
[2026-05-30T17:37:40.517+0000] {standard_task_runner.py:105} INFO - Job 305: Subtask _ml_pipeline_monitoring__check_data_quality_
[2026-05-30T17:37:40.560+0000] {task_command.py:467} INFO - Running <TaskInstance: ml_pipeline_monitoring._ml_pipeline_monitoring__check_data_quality_ manual__2026-05-30T17:37:27.278537+00:00 [running]> on host ea8dc20c3f47
[2026-05-30T17:37:40.651+0000] {taskinstance.py:3132} INFO - Exporting env vars: AIRFLOW_CTX_DAG_OWNER='***' AIRFLOW_CTX_DAG_ID='ml_pipeline_monitoring' AIRFLOW_CTX_TASK_ID='_ml_pipeline_monitoring__check_data_quality_' AIRFLOW_CTX_EXECUTION_DATE='2026-05-30T17:37:27.278537+00:00' AIRFLOW_CTX_TRY_NUMBER='1' AIRFLOW_CTX_DAG_RUN_ID='manual__2026-05-30T17:37:27.278537+00:00'
[2026-05-30T17:37:40.652+0000] {taskinstance.py:731} INFO - ::endgroup::
[2026-05-30T17:37:40.665+0000] {baseoperator.py:421} WARNING - BranchPythonOperator.execute cannot be called outside TaskInstance!
[2026-05-30T17:37:40.925+0000] {warnings.py:110} WARNING - /opt/***/dags/ml_pipeline_monitoring/src/helpers.py:113: DtypeWarning: Columns (16,21) have mixed types. Specify dtype option on import or set low_memory=False.
  return pd.read_csv(path)

[2026-05-30T17:37:41.309+0000] {logging_mixin.py:190} WARNING - data quality:
|     | 0/4 [Time: 00:00]
[2026-05-30T17:37:42.611+0000] {logging_mixin.py:190} WARNING - data quality:
|#2   | 1/4 [Time: 00:01, Check=Data Duplicates]
[2026-05-30T17:37:54.965+0000] {logging_mixin.py:190} WARNING - data quality:
|##5  | 2/4 [Time: 00:13, Check=Conflicting Labels]
[2026-05-30T17:37:57.004+0000] {logging_mixin.py:190} WARNING - data quality:
|###7 | 3/4 [Time: 00:15, Check=Feature Label Correlation]
[2026-05-30T17:38:02.692+0000] {logging_mixin.py:190} WARNING - data quality:
|#####| 4/4 [Time: 00:21, Check=Outlier Sample Detection] 
[2026-05-30T17:38:02.692+0000] {logging_mixin.py:190} WARNING -                                                                        
[2026-05-30T17:38:02.727+0000] {logging_mixin.py:190} INFO - [WARNING][DRIFTS.SKIP_TRAIN] Traceback (most recent call last):
  File "/opt/***/dags/ml_pipeline_monitoring/src/drifts.py", line 47, in check_data_quality
    r.save_as_html(f"{config.PATH_DIR_RESULTS}/{job_id}_data_quality_report.html")
  File "/home/***/.local/lib/python3.11/site-packages/deepchecks/core/suite.py", line 266, in save_as_html
    return save_as_html(
           ^^^^^^^^^^^^^
  File "/home/***/.local/lib/python3.11/site-packages/deepchecks/core/display.py", line 334, in save_as_html
    serializer.serialize(**kwargs),
    ^^^^^^^^^^^^^^^^^^^^^^^^^^^^^^
  File "/home/***/.local/lib/python3.11/site-packages/deepchecks/core/serialization/suite_result/widget.py", line 91, in serialize
    self.prepare_results(
  File "/home/***/.local/lib/python3.11/site-packages/deepchecks/core/serialization/suite_result/widget.py", line 211, in prepare_results
    serialized_results = [
                         ^
  File "/home/***/.local/lib/python3.11/site-packages/deepchecks/core/serialization/suite_result/widget.py", line 212, in <listcomp>
    select_serializer(it).serialize(output_id=section_id, **kwargs)
  File "/home/***/.local/lib/python3.11/site-packages/deepchecks/core/serialization/check_result/widget.py", line 85, in serialize
    sections.append(self.prepare_additional_output(
                    ^^^^^^^^^^^^^^^^^^^^^^^^^^^^^^^
  File "/home/***/.local/lib/python3.11/site-packages/deepchecks/core/serialization/check_result/widget.py", line 156, in prepare_additional_output
    return VBox(children=DisplayItemsHandler.handle_display(
                         ^^^^^^^^^^^^^^^^^^^^^^^^^^^^^^^^^^^
  File "/home/***/.local/lib/python3.11/site-packages/deepchecks/core/serialization/check_result/widget.py", line 193, in handle_display
    return t.cast(t.List[Widget], super().handle_display(
                                  ^^^^^^^^^^^^^^^^^^^^^^^
  File "/home/***/.local/lib/python3.11/site-packages/deepchecks/core/serialization/check_result/html.py", line 242, in handle_display
    output.extend(super().handle_display(display, **{'output_id': output_id, **kwargs}))
                  ^^^^^^^^^^^^^^^^^^^^^^^^^^^^^^^^^^^^^^^^^^^^^^^^^^^^^^^^^^^^^^^^^^^^^
  File "/home/***/.local/lib/python3.11/site-packages/deepchecks/core/serialization/abc.py", line 210, in handle_display
    return [cls.handle_item(it, index, **kwargs) for index, it in enumerate(display)]
           ^^^^^^^^^^^^^^^^^^^^^^^^^^^^^^^^^^^^^^^^^^^^^^^^^^^^^^^^^^^^^^^^^^^^^^^^^^
  File "/home/***/.local/lib/python3.11/site-packages/deepchecks/core/serialization/abc.py", line 210, in <listcomp>
    return [cls.handle_item(it, index, **kwargs) for index, it in enumerate(display)]
            ^^^^^^^^^^^^^^^^^^^^^^^^^^^^^^^^^^^^
  File "/home/***/.local/lib/python3.11/site-packages/deepchecks/core/serialization/abc.py", line 221, in handle_item
    return cls.handle_figure(item, index, **kwargs)
           ^^^^^^^^^^^^^^^^^^^^^^^^^^^^^^^^^^^^^^^^
  File "/home/***/.local/lib/python3.11/site-packages/deepchecks/core/serialization/check_result/widget.py", line 225, in handle_figure
    go.FigureWidget(data=item)
  File "/home/***/.local/lib/python3.11/site-packages/plotly/missing_anywidget.py", line 13, in __init__
    raise ImportError("Please install anywidget to use the FigureWidget class")
ImportError: Please install anywidget to use the FigureWidget class
[2026-05-30T17:38:02.733+0000] {python.py:240} INFO - Done. Returned value was: _ml_pipeline_monitoring__check_data_drift_
[2026-05-30T17:38:02.733+0000] {branch.py:38} INFO - Branch into _ml_pipeline_monitoring__check_data_drift_
[2026-05-30T17:38:02.734+0000] {skipmixin.py:230} INFO - Following branch ('_ml_pipeline_monitoring__check_data_drift_',)
[2026-05-30T17:38:02.744+0000] {skipmixin.py:278} INFO - Skipping tasks [('_ml_pipeline_monitoring__slack_data_quality_', -1)]
[2026-05-30T17:38:02.767+0000] {taskinstance.py:340} INFO - ::group::Post task execution logs
[2026-05-30T17:38:02.767+0000] {taskinstance.py:352} INFO - Marking task as SUCCESS. dag_id=ml_pipeline_monitoring, task_id=_ml_pipeline_monitoring__check_data_quality_, run_id=manual__2026-05-30T17:37:27.278537+00:00, execution_date=20260530T173727, start_date=20260530T173740, end_date=20260530T173802
[2026-05-30T17:38:02.778+0000] {logging_mixin.py:190} WARNING - 
[2026-05-30T17:38:02.805+0000] {local_task_job_runner.py:266} INFO - Task exited with return code 0
[2026-05-30T17:38:02.827+0000] {taskinstance.py:3895} INFO - 1 downstream tasks scheduled from follow-on schedule check
[2026-05-30T17:38:02.830+0000] {local_task_job_runner.py:245} INFO - ::endgroup::
