[2026-05-21T09:23:16.142+0000] {local_task_job_runner.py:123} INFO - ::group::Pre task execution logs
[2026-05-21T09:23:16.165+0000] {taskinstance.py:2613} INFO - Dependencies all met for dep_context=non-requeueable deps ti=<TaskInstance: user_reporting.create_report manual__2026-05-21T09:23:14.774720+00:00 [queued]>
[2026-05-21T09:23:16.177+0000] {taskinstance.py:2613} INFO - Dependencies all met for dep_context=requeueable deps ti=<TaskInstance: user_reporting.create_report manual__2026-05-21T09:23:14.774720+00:00 [queued]>
[2026-05-21T09:23:16.179+0000] {taskinstance.py:2866} INFO - Starting attempt 1 of 1
[2026-05-21T09:23:16.195+0000] {taskinstance.py:2889} INFO - Executing <Task(SQLExecuteQueryOperator): create_report> on 2026-05-21 09:23:14.774720+00:00
[2026-05-21T09:23:16.203+0000] {standard_task_runner.py:72} INFO - Started process 5966 to run task
[2026-05-21T09:23:16.206+0000] {standard_task_runner.py:104} INFO - Running: ['***', 'tasks', 'run', 'user_reporting', 'create_report', 'manual__2026-05-21T09:23:14.774720+00:00', '--job-id', '133', '--raw', '--subdir', 'DAGS_FOLDER/user_reporting.py', '--cfg-path', '/tmp/tmpagqrcu2v']
[2026-05-21T09:23:16.210+0000] {standard_task_runner.py:105} INFO - Job 133: Subtask create_report
[2026-05-21T09:23:16.254+0000] {task_command.py:467} INFO - Running <TaskInstance: user_reporting.create_report manual__2026-05-21T09:23:14.774720+00:00 [running]> on host 7a0bb4c18cb4
[2026-05-21T09:23:16.327+0000] {taskinstance.py:3132} INFO - Exporting env vars: AIRFLOW_CTX_DAG_OWNER='***' AIRFLOW_CTX_DAG_ID='user_reporting' AIRFLOW_CTX_TASK_ID='create_report' AIRFLOW_CTX_EXECUTION_DATE='2026-05-21T09:23:14.774720+00:00' AIRFLOW_CTX_TRY_NUMBER='1' AIRFLOW_CTX_DAG_RUN_ID='manual__2026-05-21T09:23:14.774720+00:00'
[2026-05-21T09:23:16.328+0000] {taskinstance.py:731} INFO - ::endgroup::
[2026-05-21T09:23:16.337+0000] {sql.py:278} INFO - Executing: 
        DROP TABLE IF EXISTS user_reports;
        CREATE TABLE IF NOT EXISTS user_reports AS
        SELECT gender, COUNT(*) AS num_users
        FROM users
        GROUP BY gender;
        
[2026-05-21T09:23:16.344+0000] {base.py:84} INFO - Retrieving connection 'postgres'
[2026-05-21T09:23:16.354+0000] {base.py:84} INFO - Retrieving connection 'postgres'
[2026-05-21T09:23:16.360+0000] {sql.py:553} INFO - Running statement: 
        DROP TABLE IF EXISTS user_reports;
        CREATE TABLE IF NOT EXISTS user_reports AS
        SELECT gender, COUNT(*) AS num_users
        FROM users
        GROUP BY gender;
        , parameters: None
[2026-05-21T09:23:16.370+0000] {sql.py:562} INFO - Rows affected: 2
[2026-05-21T09:23:16.385+0000] {taskinstance.py:340} INFO - ::group::Post task execution logs
[2026-05-21T09:23:16.385+0000] {taskinstance.py:352} INFO - Marking task as SUCCESS. dag_id=user_reporting, task_id=create_report, run_id=manual__2026-05-21T09:23:14.774720+00:00, execution_date=20260521T092314, start_date=20260521T092316, end_date=20260521T092316
[2026-05-21T09:23:16.421+0000] {local_task_job_runner.py:266} INFO - Task exited with return code 0
[2026-05-21T09:23:16.433+0000] {taskinstance.py:3895} INFO - 0 downstream tasks scheduled from follow-on schedule check
[2026-05-21T09:23:16.434+0000] {local_task_job_runner.py:245} INFO - ::endgroup::
