[2026-05-31T08:23:23.085+0000] {local_task_job_runner.py:123} INFO - ::group::Pre task execution logs
[2026-05-31T08:23:23.102+0000] {taskinstance.py:2613} INFO - Dependencies all met for dep_context=non-requeueable deps ti=<TaskInstance: ml_pipeline_monitoring._ml_pipeline_monitoring__get_data_ manual__2026-05-31T08:23:13.060161+00:00 [queued]>
[2026-05-31T08:23:23.112+0000] {taskinstance.py:2613} INFO - Dependencies all met for dep_context=requeueable deps ti=<TaskInstance: ml_pipeline_monitoring._ml_pipeline_monitoring__get_data_ manual__2026-05-31T08:23:13.060161+00:00 [queued]>
[2026-05-31T08:23:23.112+0000] {taskinstance.py:2866} INFO - Starting attempt 1 of 1
[2026-05-31T08:23:23.125+0000] {taskinstance.py:2889} INFO - Executing <Task(PythonOperator): _ml_pipeline_monitoring__get_data_> on 2026-05-31 08:23:13.060161+00:00
[2026-05-31T08:23:23.146+0000] {standard_task_runner.py:72} INFO - Started process 3563 to run task
[2026-05-31T08:23:23.149+0000] {standard_task_runner.py:104} INFO - Running: ['***', 'tasks', 'run', 'ml_pipeline_monitoring', '_ml_pipeline_monitoring__get_data_', 'manual__2026-05-31T08:23:13.060161+00:00', '--job-id', '315', '--raw', '--subdir', 'DAGS_FOLDER/ml_pipeline_monitoring/dag_pipeline.py', '--cfg-path', '/tmp/tmp7g2526mi']
[2026-05-31T08:23:23.160+0000] {standard_task_runner.py:105} INFO - Job 315: Subtask _ml_pipeline_monitoring__get_data_
[2026-05-31T08:23:23.221+0000] {task_command.py:467} INFO - Running <TaskInstance: ml_pipeline_monitoring._ml_pipeline_monitoring__get_data_ manual__2026-05-31T08:23:13.060161+00:00 [running]> on host ea8dc20c3f47
[2026-05-31T08:23:23.347+0000] {taskinstance.py:3132} INFO - Exporting env vars: AIRFLOW_CTX_DAG_OWNER='***' AIRFLOW_CTX_DAG_ID='ml_pipeline_monitoring' AIRFLOW_CTX_TASK_ID='_ml_pipeline_monitoring__get_data_' AIRFLOW_CTX_EXECUTION_DATE='2026-05-31T08:23:13.060161+00:00' AIRFLOW_CTX_TRY_NUMBER='1' AIRFLOW_CTX_DAG_RUN_ID='manual__2026-05-31T08:23:13.060161+00:00'
[2026-05-31T08:23:23.348+0000] {taskinstance.py:731} INFO - ::endgroup::
[2026-05-31T08:23:23.398+0000] {logging_mixin.py:190} INFO - [INFO] Table testdb.mljob ready!
[2026-05-31T08:23:23.404+0000] {logging_mixin.py:190} INFO - [INFO] Job 3794a47df8c14a95bf1b6ee9bca943b7 logged as training::etl::started::
[2026-05-31T08:23:23.405+0000] {logging_mixin.py:190} INFO - [INFO] Extracting data from the database since 2015-06-01 to 2026-05-31 ...
[2026-05-31T08:23:27.168+0000] {logging_mixin.py:190} INFO - [INFO] Dataset saved to /opt/***/ml_pipeline_data/raw/3794a47df8c14a95bf1b6ee9bca943b7_2015-06-01_2026-05-31.csv
[2026-05-31T08:23:27.203+0000] {logging_mixin.py:190} INFO - [INFO] Job 3794a47df8c14a95bf1b6ee9bca943b7 logged as training::etl::pass::
[2026-05-31T08:23:27.204+0000] {python.py:240} INFO - Done. Returned value was: None
[2026-05-31T08:23:27.211+0000] {taskinstance.py:340} INFO - ::group::Post task execution logs
[2026-05-31T08:23:27.212+0000] {taskinstance.py:352} INFO - Marking task as SUCCESS. dag_id=ml_pipeline_monitoring, task_id=_ml_pipeline_monitoring__get_data_, run_id=manual__2026-05-31T08:23:13.060161+00:00, execution_date=20260531T082313, start_date=20260531T082323, end_date=20260531T082327
[2026-05-31T08:23:27.244+0000] {local_task_job_runner.py:266} INFO - Task exited with return code 0
[2026-05-31T08:23:27.273+0000] {taskinstance.py:3895} INFO - 1 downstream tasks scheduled from follow-on schedule check
[2026-05-31T08:23:27.276+0000] {local_task_job_runner.py:245} INFO - ::endgroup::
