[2026-05-21T12:32:51.826+0000] {local_task_job_runner.py:123} INFO - ::group::Pre task execution logs
[2026-05-21T12:32:51.963+0000] {taskinstance.py:2613} INFO - Dependencies all met for dep_context=non-requeueable deps ti=<TaskInstance: user_processing.is_api_available manual__2026-05-21T12:32:50.171321+00:00 [queued]>
[2026-05-21T12:32:51.968+0000] {taskinstance.py:2613} INFO - Dependencies all met for dep_context=requeueable deps ti=<TaskInstance: user_processing.is_api_available manual__2026-05-21T12:32:50.171321+00:00 [queued]>
[2026-05-21T12:32:51.969+0000] {taskinstance.py:2866} INFO - Starting attempt 1 of 1
[2026-05-21T12:32:51.979+0000] {taskinstance.py:2889} INFO - Executing <Task(HttpSensor): is_api_available> on 2026-05-21 12:32:50.171321+00:00
[2026-05-21T12:32:51.985+0000] {standard_task_runner.py:72} INFO - Started process 8601 to run task
[2026-05-21T12:32:51.988+0000] {standard_task_runner.py:104} INFO - Running: ['***', 'tasks', 'run', 'user_processing', 'is_api_available', 'manual__2026-05-21T12:32:50.171321+00:00', '--job-id', '163', '--raw', '--subdir', 'DAGS_FOLDER/user_processing.py', '--cfg-path', '/tmp/tmpftkihwvn']
[2026-05-21T12:32:51.990+0000] {standard_task_runner.py:105} INFO - Job 163: Subtask is_api_available
[2026-05-21T12:32:52.026+0000] {task_command.py:467} INFO - Running <TaskInstance: user_processing.is_api_available manual__2026-05-21T12:32:50.171321+00:00 [running]> on host 7a0bb4c18cb4
[2026-05-21T12:32:52.103+0000] {taskinstance.py:3132} INFO - Exporting env vars: AIRFLOW_CTX_DAG_OWNER='***' AIRFLOW_CTX_DAG_ID='user_processing' AIRFLOW_CTX_TASK_ID='is_api_available' AIRFLOW_CTX_EXECUTION_DATE='2026-05-21T12:32:50.171321+00:00' AIRFLOW_CTX_TRY_NUMBER='1' AIRFLOW_CTX_DAG_RUN_ID='manual__2026-05-21T12:32:50.171321+00:00'
[2026-05-21T12:32:52.104+0000] {taskinstance.py:731} INFO - ::endgroup::
[2026-05-21T12:32:52.106+0000] {baseoperator.py:421} WARNING - HttpSensor.execute cannot be called outside TaskInstance!
[2026-05-21T12:32:52.106+0000] {http.py:139} INFO - Poking: users?limit=10
[2026-05-21T12:32:52.112+0000] {base.py:84} INFO - Retrieving connection 'user_api'
[2026-05-21T12:32:56.608+0000] {base.py:336} INFO - Success criteria met. Exiting.
[2026-05-21T12:32:56.618+0000] {taskinstance.py:340} INFO - ::group::Post task execution logs
[2026-05-21T12:32:56.618+0000] {taskinstance.py:352} INFO - Marking task as SUCCESS. dag_id=user_processing, task_id=is_api_available, run_id=manual__2026-05-21T12:32:50.171321+00:00, execution_date=20260521T123250, start_date=20260521T123251, end_date=20260521T123256
[2026-05-21T12:32:56.661+0000] {local_task_job_runner.py:266} INFO - Task exited with return code 0
[2026-05-21T12:32:56.709+0000] {taskinstance.py:3895} INFO - 1 downstream tasks scheduled from follow-on schedule check
[2026-05-21T12:32:56.715+0000] {local_task_job_runner.py:245} INFO - ::endgroup::
