[2026-05-31T06:22:27.119+0000] {local_task_job_runner.py:123} INFO - ::group::Pre task execution logs
[2026-05-31T06:22:27.134+0000] {taskinstance.py:2613} INFO - Dependencies all met for dep_context=non-requeueable deps ti=<TaskInstance: ml_pipeline_monitoring._ml_pipeline_monitoring__check_data_drift_ scheduled__2026-05-30T00:00:00+00:00 [queued]>
[2026-05-31T06:22:27.141+0000] {taskinstance.py:2613} INFO - Dependencies all met for dep_context=requeueable deps ti=<TaskInstance: ml_pipeline_monitoring._ml_pipeline_monitoring__check_data_drift_ scheduled__2026-05-30T00:00:00+00:00 [queued]>
[2026-05-31T06:22:27.141+0000] {taskinstance.py:2866} INFO - Starting attempt 1 of 1
[2026-05-31T06:22:27.184+0000] {taskinstance.py:2889} INFO - Executing <Task(BranchPythonOperator): _ml_pipeline_monitoring__check_data_drift_> on 2026-05-30 00:00:00+00:00
[2026-05-31T06:22:27.197+0000] {standard_task_runner.py:72} INFO - Started process 1932 to run task
[2026-05-31T06:22:27.201+0000] {standard_task_runner.py:104} INFO - Running: ['***', 'tasks', 'run', 'ml_pipeline_monitoring', '_ml_pipeline_monitoring__check_data_drift_', 'scheduled__2026-05-30T00:00:00+00:00', '--job-id', '312', '--raw', '--subdir', 'DAGS_FOLDER/ml_pipeline_monitoring/dag_pipeline.py', '--cfg-path', '/tmp/tmpeblyw0rv']
[2026-05-31T06:22:27.203+0000] {standard_task_runner.py:105} INFO - Job 312: Subtask _ml_pipeline_monitoring__check_data_drift_
[2026-05-31T06:22:27.366+0000] {task_command.py:467} INFO - Running <TaskInstance: ml_pipeline_monitoring._ml_pipeline_monitoring__check_data_drift_ scheduled__2026-05-30T00:00:00+00:00 [running]> on host ea8dc20c3f47
[2026-05-31T06:22:27.503+0000] {taskinstance.py:3132} INFO - Exporting env vars: AIRFLOW_CTX_DAG_OWNER='***' AIRFLOW_CTX_DAG_ID='ml_pipeline_monitoring' AIRFLOW_CTX_TASK_ID='_ml_pipeline_monitoring__check_data_drift_' AIRFLOW_CTX_EXECUTION_DATE='2026-05-30T00:00:00+00:00' AIRFLOW_CTX_TRY_NUMBER='1' AIRFLOW_CTX_DAG_RUN_ID='scheduled__2026-05-30T00:00:00+00:00'
[2026-05-31T06:22:27.504+0000] {taskinstance.py:731} INFO - ::endgroup::
[2026-05-31T06:22:27.514+0000] {baseoperator.py:421} WARNING - BranchPythonOperator.execute cannot be called outside TaskInstance!
[2026-05-31T06:22:27.527+0000] {logging_mixin.py:190} INFO - [WARNING] No raw data file found for job_id : 12196ecaa65e4831987aee4bfced5f60.
[2026-05-31T06:22:27.528+0000] {logging_mixin.py:190} INFO - [WARNING] Raw baseline file missing for deployed job_id `12196ecaa65e4831987aee4bfced5f60`. Skipping drift comparison and continuing with preprocessing.
[2026-05-31T06:22:27.529+0000] {python.py:240} INFO - Done. Returned value was: _ml_pipeline_monitoring__preprocess_
[2026-05-31T06:22:27.529+0000] {branch.py:38} INFO - Branch into _ml_pipeline_monitoring__preprocess_
[2026-05-31T06:22:27.530+0000] {skipmixin.py:230} INFO - Following branch ('_ml_pipeline_monitoring__preprocess_',)
[2026-05-31T06:22:27.538+0000] {skipmixin.py:278} INFO - Skipping tasks [('_ml_pipeline_monitoring__slack_data_drift_', -1)]
[2026-05-31T06:22:27.681+0000] {taskinstance.py:340} INFO - ::group::Post task execution logs
[2026-05-31T06:22:27.681+0000] {taskinstance.py:352} INFO - Marking task as SUCCESS. dag_id=ml_pipeline_monitoring, task_id=_ml_pipeline_monitoring__check_data_drift_, run_id=scheduled__2026-05-30T00:00:00+00:00, execution_date=20260530T000000, start_date=20260531T062227, end_date=20260531T062227
[2026-05-31T06:22:27.777+0000] {local_task_job_runner.py:266} INFO - Task exited with return code 0
[2026-05-31T06:22:27.796+0000] {taskinstance.py:3895} INFO - 1 downstream tasks scheduled from follow-on schedule check
[2026-05-31T06:22:27.830+0000] {local_task_job_runner.py:245} INFO - ::endgroup::
