[2026-05-31T08:29:54.681+0000] {local_task_job_runner.py:123} INFO - ::group::Pre task execution logs
[2026-05-31T08:29:54.697+0000] {taskinstance.py:2613} INFO - Dependencies all met for dep_context=non-requeueable deps ti=<TaskInstance: ml_pipeline_monitoring._ml_pipeline_monitoring__preprocess_ manual__2026-05-31T08:29:02.078743+00:00 [queued]>
[2026-05-31T08:29:54.704+0000] {taskinstance.py:2613} INFO - Dependencies all met for dep_context=requeueable deps ti=<TaskInstance: ml_pipeline_monitoring._ml_pipeline_monitoring__preprocess_ manual__2026-05-31T08:29:02.078743+00:00 [queued]>
[2026-05-31T08:29:54.705+0000] {taskinstance.py:2866} INFO - Starting attempt 1 of 1
[2026-05-31T08:29:54.717+0000] {taskinstance.py:2889} INFO - Executing <Task(PythonOperator): _ml_pipeline_monitoring__preprocess_> on 2026-05-31 08:29:02.078743+00:00
[2026-05-31T08:29:54.731+0000] {standard_task_runner.py:72} INFO - Started process 3723 to run task
[2026-05-31T08:29:54.734+0000] {standard_task_runner.py:104} INFO - Running: ['***', 'tasks', 'run', 'ml_pipeline_monitoring', '_ml_pipeline_monitoring__preprocess_', 'manual__2026-05-31T08:29:02.078743+00:00', '--job-id', '323', '--raw', '--subdir', 'DAGS_FOLDER/ml_pipeline_monitoring/dag_pipeline.py', '--cfg-path', '/tmp/tmpf4rw9a4u']
[2026-05-31T08:29:54.736+0000] {standard_task_runner.py:105} INFO - Job 323: Subtask _ml_pipeline_monitoring__preprocess_
[2026-05-31T08:29:54.776+0000] {task_command.py:467} INFO - Running <TaskInstance: ml_pipeline_monitoring._ml_pipeline_monitoring__preprocess_ manual__2026-05-31T08:29:02.078743+00:00 [running]> on host ea8dc20c3f47
[2026-05-31T08:29:54.851+0000] {taskinstance.py:3132} INFO - Exporting env vars: AIRFLOW_CTX_DAG_OWNER='***' AIRFLOW_CTX_DAG_ID='ml_pipeline_monitoring' AIRFLOW_CTX_TASK_ID='_ml_pipeline_monitoring__preprocess_' AIRFLOW_CTX_EXECUTION_DATE='2026-05-31T08:29:02.078743+00:00' AIRFLOW_CTX_TRY_NUMBER='1' AIRFLOW_CTX_DAG_RUN_ID='manual__2026-05-31T08:29:02.078743+00:00'
[2026-05-31T08:29:54.852+0000] {taskinstance.py:731} INFO - ::endgroup::
[2026-05-31T08:29:54.893+0000] {logging_mixin.py:190} INFO - [INFO] Table testdb.mljob ready!
[2026-05-31T08:29:54.895+0000] {logging_mixin.py:190} INFO - [INFO] Job 74c0c720036341dea873f8a230c53a43 logged as training::preprocess::started::
[2026-05-31T08:29:55.084+0000] {warnings.py:110} WARNING - /opt/***/dags/ml_pipeline_monitoring/src/helpers.py:113: DtypeWarning: Columns (16,21) have mixed types. Specify dtype option on import or set low_memory=False.
  return pd.read_csv(path)

[2026-05-31T08:29:56.082+0000] {logging_mixin.py:190} INFO - [INFO] Job 74c0c720036341dea873f8a230c53a43 logged as training::preprocess::fail::Traceback (most recent call last):
  File "/opt/***/dags/ml_pipeline_monitoring/dag_pipeline.py", line 142, in preprocess_data
    preprocess.preprocess_data(df=curr_df, mode=mode, job_id=job_id, ref_job_id=last_deployed_job_id)
  File "/opt/***/dags/ml_pipeline_monitoring/src/preprocess.py", line 400, in preprocess_data
    df = engineer_variables(df)
         ^^^^^^^^^^^^^^^^^^^^^^
  File "/opt/***/dags/ml_pipeline_monitoring/src/preprocess.py", line 310, in engineer_variables
    df["application_week"] = df["application_time"].dt.week
                             ^^^^^^^^^^^^^^^^^^^^^^^^^^^^^^
AttributeError: \DatetimeProperties\ object has no attribute \week\
[2026-05-31T08:29:56.082+0000] {taskinstance.py:3311} ERROR - Task failed with exception
Traceback (most recent call last):
  File "/opt/airflow/dags/ml_pipeline_monitoring/dag_pipeline.py", line 142, in preprocess_data
    preprocess.preprocess_data(df=curr_df, mode=mode, job_id=job_id, ref_job_id=last_deployed_job_id)
  File "/opt/airflow/dags/ml_pipeline_monitoring/src/preprocess.py", line 400, in preprocess_data
    df = engineer_variables(df)
         ^^^^^^^^^^^^^^^^^^^^^^
  File "/opt/airflow/dags/ml_pipeline_monitoring/src/preprocess.py", line 310, in engineer_variables
    df["application_week"] = df["application_time"].dt.week
                             ^^^^^^^^^^^^^^^^^^^^^^^^^^^^^^
AttributeError: 'DatetimeProperties' object has no attribute 'week'

During handling of the above exception, another exception occurred:

Traceback (most recent call last):
  File "/home/airflow/.local/lib/python3.11/site-packages/airflow/models/taskinstance.py", line 767, in _execute_task
    result = _execute_callable(context=context, **execute_callable_kwargs)
             ^^^^^^^^^^^^^^^^^^^^^^^^^^^^^^^^^^^^^^^^^^^^^^^^^^^^^^^^^^^^^
  File "/home/airflow/.local/lib/python3.11/site-packages/airflow/models/taskinstance.py", line 733, in _execute_callable
    return ExecutionCallableRunner(
           ^^^^^^^^^^^^^^^^^^^^^^^^
  File "/home/airflow/.local/lib/python3.11/site-packages/airflow/utils/operator_helpers.py", line 252, in run
    return self.func(*args, **kwargs)
           ^^^^^^^^^^^^^^^^^^^^^^^^^^
  File "/home/airflow/.local/lib/python3.11/site-packages/airflow/models/baseoperator.py", line 422, in wrapper
    return func(self, *args, **kwargs)
           ^^^^^^^^^^^^^^^^^^^^^^^^^^^
  File "/home/airflow/.local/lib/python3.11/site-packages/airflow/operators/python.py", line 238, in execute
    return_value = self.execute_callable()
                   ^^^^^^^^^^^^^^^^^^^^^^^
  File "/home/airflow/.local/lib/python3.11/site-packages/airflow/operators/python.py", line 256, in execute_callable
    return runner.run(*self.op_args, **self.op_kwargs)
           ^^^^^^^^^^^^^^^^^^^^^^^^^^^^^^^^^^^^^^^^^^^
  File "/home/airflow/.local/lib/python3.11/site-packages/airflow/utils/operator_helpers.py", line 252, in run
    return self.func(*args, **kwargs)
           ^^^^^^^^^^^^^^^^^^^^^^^^^^
  File "/opt/airflow/dags/ml_pipeline_monitoring/dag_pipeline.py", line 150, in preprocess_data
    raise(Exception(message))
Exception: Traceback (most recent call last):
  File "/opt/***/dags/ml_pipeline_monitoring/dag_pipeline.py", line 142, in preprocess_data
    preprocess.preprocess_data(df=curr_df, mode=mode, job_id=job_id, ref_job_id=last_deployed_job_id)
  File "/opt/***/dags/ml_pipeline_monitoring/src/preprocess.py", line 400, in preprocess_data
    df = engineer_variables(df)
         ^^^^^^^^^^^^^^^^^^^^^^
  File "/opt/***/dags/ml_pipeline_monitoring/src/preprocess.py", line 310, in engineer_variables
    df["application_week"] = df["application_time"].dt.week
                             ^^^^^^^^^^^^^^^^^^^^^^^^^^^^^^
AttributeError: 'DatetimeProperties' object has no attribute 'week'

[2026-05-31T08:29:56.089+0000] {taskinstance.py:1225} INFO - Marking task as FAILED. dag_id=ml_pipeline_monitoring, task_id=_ml_pipeline_monitoring__preprocess_, run_id=manual__2026-05-31T08:29:02.078743+00:00, execution_date=20260531T082902, start_date=20260531T082954, end_date=20260531T082956
[2026-05-31T08:29:56.099+0000] {taskinstance.py:340} INFO - ::group::Post task execution logs
[2026-05-31T08:29:56.099+0000] {standard_task_runner.py:124} ERROR - Failed to execute job 323 for task _ml_pipeline_monitoring__preprocess_ (Traceback (most recent call last):
  File "/opt/***/dags/ml_pipeline_monitoring/dag_pipeline.py", line 142, in preprocess_data
    preprocess.preprocess_data(df=curr_df, mode=mode, job_id=job_id, ref_job_id=last_deployed_job_id)
  File "/opt/***/dags/ml_pipeline_monitoring/src/preprocess.py", line 400, in preprocess_data
    df = engineer_variables(df)
         ^^^^^^^^^^^^^^^^^^^^^^
  File "/opt/***/dags/ml_pipeline_monitoring/src/preprocess.py", line 310, in engineer_variables
    df["application_week"] = df["application_time"].dt.week
                             ^^^^^^^^^^^^^^^^^^^^^^^^^^^^^^
AttributeError: 'DatetimeProperties' object has no attribute 'week'
; 3723)
Traceback (most recent call last):
  File "/opt/airflow/dags/ml_pipeline_monitoring/dag_pipeline.py", line 142, in preprocess_data
    preprocess.preprocess_data(df=curr_df, mode=mode, job_id=job_id, ref_job_id=last_deployed_job_id)
  File "/opt/airflow/dags/ml_pipeline_monitoring/src/preprocess.py", line 400, in preprocess_data
    df = engineer_variables(df)
         ^^^^^^^^^^^^^^^^^^^^^^
  File "/opt/airflow/dags/ml_pipeline_monitoring/src/preprocess.py", line 310, in engineer_variables
    df["application_week"] = df["application_time"].dt.week
                             ^^^^^^^^^^^^^^^^^^^^^^^^^^^^^^
AttributeError: 'DatetimeProperties' object has no attribute 'week'

During handling of the above exception, another exception occurred:

Traceback (most recent call last):
  File "/home/airflow/.local/lib/python3.11/site-packages/airflow/task/task_runner/standard_task_runner.py", line 117, in _start_by_fork
    ret = args.func(args, dag=self.dag)
          ^^^^^^^^^^^^^^^^^^^^^^^^^^^^^
  File "/home/airflow/.local/lib/python3.11/site-packages/airflow/cli/cli_config.py", line 49, in command
    return func(*args, **kwargs)
           ^^^^^^^^^^^^^^^^^^^^^
  File "/home/airflow/.local/lib/python3.11/site-packages/airflow/utils/cli.py", line 116, in wrapper
    return f(*args, **kwargs)
           ^^^^^^^^^^^^^^^^^^
  File "/home/airflow/.local/lib/python3.11/site-packages/airflow/cli/commands/task_command.py", line 483, in task_run
    task_return_code = _run_task_by_selected_method(args, _dag, ti)
                       ^^^^^^^^^^^^^^^^^^^^^^^^^^^^^^^^^^^^^^^^^^^^
  File "/home/airflow/.local/lib/python3.11/site-packages/airflow/cli/commands/task_command.py", line 256, in _run_task_by_selected_method
    return _run_raw_task(args, ti)
           ^^^^^^^^^^^^^^^^^^^^^^^
  File "/home/airflow/.local/lib/python3.11/site-packages/airflow/cli/commands/task_command.py", line 341, in _run_raw_task
    return ti._run_raw_task(
           ^^^^^^^^^^^^^^^^^
  File "/home/airflow/.local/lib/python3.11/site-packages/airflow/utils/session.py", line 97, in wrapper
    return func(*args, session=session, **kwargs)
           ^^^^^^^^^^^^^^^^^^^^^^^^^^^^^^^^^^^^^^
  File "/home/airflow/.local/lib/python3.11/site-packages/airflow/models/taskinstance.py", line 3005, in _run_raw_task
    return _run_raw_task(
           ^^^^^^^^^^^^^^
  File "/home/airflow/.local/lib/python3.11/site-packages/airflow/models/taskinstance.py", line 273, in _run_raw_task
    TaskInstance._execute_task_with_callbacks(
  File "/home/airflow/.local/lib/python3.11/site-packages/airflow/models/taskinstance.py", line 3159, in _execute_task_with_callbacks
    result = self._execute_task(context, task_orig)
             ^^^^^^^^^^^^^^^^^^^^^^^^^^^^^^^^^^^^^^
  File "/home/airflow/.local/lib/python3.11/site-packages/airflow/models/taskinstance.py", line 3183, in _execute_task
    return _execute_task(self, context, task_orig)
           ^^^^^^^^^^^^^^^^^^^^^^^^^^^^^^^^^^^^^^^
  File "/home/airflow/.local/lib/python3.11/site-packages/airflow/models/taskinstance.py", line 767, in _execute_task
    result = _execute_callable(context=context, **execute_callable_kwargs)
             ^^^^^^^^^^^^^^^^^^^^^^^^^^^^^^^^^^^^^^^^^^^^^^^^^^^^^^^^^^^^^
  File "/home/airflow/.local/lib/python3.11/site-packages/airflow/models/taskinstance.py", line 733, in _execute_callable
    return ExecutionCallableRunner(
           ^^^^^^^^^^^^^^^^^^^^^^^^
  File "/home/airflow/.local/lib/python3.11/site-packages/airflow/utils/operator_helpers.py", line 252, in run
    return self.func(*args, **kwargs)
           ^^^^^^^^^^^^^^^^^^^^^^^^^^
  File "/home/airflow/.local/lib/python3.11/site-packages/airflow/models/baseoperator.py", line 422, in wrapper
    return func(self, *args, **kwargs)
           ^^^^^^^^^^^^^^^^^^^^^^^^^^^
  File "/home/airflow/.local/lib/python3.11/site-packages/airflow/operators/python.py", line 238, in execute
    return_value = self.execute_callable()
                   ^^^^^^^^^^^^^^^^^^^^^^^
  File "/home/airflow/.local/lib/python3.11/site-packages/airflow/operators/python.py", line 256, in execute_callable
    return runner.run(*self.op_args, **self.op_kwargs)
           ^^^^^^^^^^^^^^^^^^^^^^^^^^^^^^^^^^^^^^^^^^^
  File "/home/airflow/.local/lib/python3.11/site-packages/airflow/utils/operator_helpers.py", line 252, in run
    return self.func(*args, **kwargs)
           ^^^^^^^^^^^^^^^^^^^^^^^^^^
  File "/opt/airflow/dags/ml_pipeline_monitoring/dag_pipeline.py", line 150, in preprocess_data
    raise(Exception(message))
Exception: Traceback (most recent call last):
  File "/opt/***/dags/ml_pipeline_monitoring/dag_pipeline.py", line 142, in preprocess_data
    preprocess.preprocess_data(df=curr_df, mode=mode, job_id=job_id, ref_job_id=last_deployed_job_id)
  File "/opt/***/dags/ml_pipeline_monitoring/src/preprocess.py", line 400, in preprocess_data
    df = engineer_variables(df)
         ^^^^^^^^^^^^^^^^^^^^^^
  File "/opt/***/dags/ml_pipeline_monitoring/src/preprocess.py", line 310, in engineer_variables
    df["application_week"] = df["application_time"].dt.week
                             ^^^^^^^^^^^^^^^^^^^^^^^^^^^^^^
AttributeError: 'DatetimeProperties' object has no attribute 'week'

[2026-05-31T08:29:56.152+0000] {local_task_job_runner.py:266} INFO - Task exited with return code 1
[2026-05-31T08:29:56.169+0000] {taskinstance.py:3895} INFO - 0 downstream tasks scheduled from follow-on schedule check
[2026-05-31T08:29:56.173+0000] {local_task_job_runner.py:245} INFO - ::endgroup::
