[2026-05-20T10:21:32.750+0000] {local_task_job_runner.py:123} INFO - ::group::Pre task execution logs
[2026-05-20T10:21:32.762+0000] {taskinstance.py:2613} INFO - Dependencies all met for dep_context=non-requeueable deps ti=<TaskInstance: product_processing.is_api_available manual__2026-05-20T10:21:31.894994+00:00 [queued]>
[2026-05-20T10:21:32.768+0000] {taskinstance.py:2613} INFO - Dependencies all met for dep_context=requeueable deps ti=<TaskInstance: product_processing.is_api_available manual__2026-05-20T10:21:31.894994+00:00 [queued]>
[2026-05-20T10:21:32.768+0000] {taskinstance.py:2866} INFO - Starting attempt 1 of 1
[2026-05-20T10:21:32.915+0000] {taskinstance.py:2889} INFO - Executing <Task(HttpSensor): is_api_available> on 2026-05-20 10:21:31.894994+00:00
[2026-05-20T10:21:32.921+0000] {standard_task_runner.py:72} INFO - Started process 2221 to run task
[2026-05-20T10:21:32.927+0000] {standard_task_runner.py:104} INFO - Running: ['***', 'tasks', 'run', 'product_processing', 'is_api_available', 'manual__2026-05-20T10:21:31.894994+00:00', '--job-id', '78', '--raw', '--subdir', 'DAGS_FOLDER/product_processing.py', '--cfg-path', '/tmp/tmpshtrnzrm']
[2026-05-20T10:21:32.930+0000] {standard_task_runner.py:105} INFO - Job 78: Subtask is_api_available
[2026-05-20T10:21:32.977+0000] {task_command.py:467} INFO - Running <TaskInstance: product_processing.is_api_available manual__2026-05-20T10:21:31.894994+00:00 [running]> on host 7a0bb4c18cb4
[2026-05-20T10:21:33.054+0000] {taskinstance.py:3132} INFO - Exporting env vars: AIRFLOW_CTX_DAG_OWNER='***' AIRFLOW_CTX_DAG_ID='product_processing' AIRFLOW_CTX_TASK_ID='is_api_available' AIRFLOW_CTX_EXECUTION_DATE='2026-05-20T10:21:31.894994+00:00' AIRFLOW_CTX_TRY_NUMBER='1' AIRFLOW_CTX_DAG_RUN_ID='manual__2026-05-20T10:21:31.894994+00:00'
[2026-05-20T10:21:33.056+0000] {taskinstance.py:731} INFO - ::endgroup::
[2026-05-20T10:21:33.071+0000] {baseoperator.py:421} WARNING - HttpSensor.execute cannot be called outside TaskInstance!
[2026-05-20T10:21:33.072+0000] {http.py:139} INFO - Poking: products?limit=10
[2026-05-20T10:21:33.080+0000] {base.py:84} INFO - Retrieving connection 'product_api'
[2026-05-20T10:21:33.567+0000] {base.py:336} INFO - Success criteria met. Exiting.
[2026-05-20T10:21:33.574+0000] {taskinstance.py:340} INFO - ::group::Post task execution logs
[2026-05-20T10:21:33.574+0000] {taskinstance.py:352} INFO - Marking task as SUCCESS. dag_id=product_processing, task_id=is_api_available, run_id=manual__2026-05-20T10:21:31.894994+00:00, execution_date=20260520T102131, start_date=20260520T102132, end_date=20260520T102133
[2026-05-20T10:21:33.624+0000] {local_task_job_runner.py:266} INFO - Task exited with return code 0
[2026-05-20T10:21:33.644+0000] {taskinstance.py:3895} INFO - 1 downstream tasks scheduled from follow-on schedule check
[2026-05-20T10:21:33.646+0000] {local_task_job_runner.py:245} INFO - ::endgroup::
